Archive member included to satisfy reference by file (symbol)

C:\Users\Zsolt\stm_workspace\nucleo-f446re_hal_lib\Debug\libnucleo-f446re_hal_lib.a(stm32f4xx_hal.o)
                              src/main.o (HAL_Init)
C:\Users\Zsolt\stm_workspace\nucleo-f446re_hal_lib\Debug\libnucleo-f446re_hal_lib.a(stm32f4xx_hal_cortex.o)
                              C:\Users\Zsolt\stm_workspace\nucleo-f446re_hal_lib\Debug\libnucleo-f446re_hal_lib.a(stm32f4xx_hal.o) (HAL_NVIC_SetPriorityGrouping)
C:\Users\Zsolt\stm_workspace\nucleo-f446re_hal_lib\Debug\libnucleo-f446re_hal_lib.a(stm32f4xx_hal_gpio.o)
                              src/gpio.o (HAL_GPIO_Init)
C:\Users\Zsolt\stm_workspace\nucleo-f446re_hal_lib\Debug\libnucleo-f446re_hal_lib.a(stm32f4xx_hal_uart.o)
                              src/uart.o (HAL_UART_Init)
C:\Users\Zsolt\stm_workspace\nucleo-f446re_hal_lib\Debug\libnucleo-f446re_hal_lib.a(stm32f4xx_hal_dma.o)
                              C:\Users\Zsolt\stm_workspace\nucleo-f446re_hal_lib\Debug\libnucleo-f446re_hal_lib.a(stm32f4xx_hal_uart.o) (HAL_DMA_Start_IT)
C:\Users\Zsolt\stm_workspace\nucleo-f446re_hal_lib\Debug\libnucleo-f446re_hal_lib.a(stm32f4xx_hal_rcc.o)
                              C:\Users\Zsolt\stm_workspace\nucleo-f446re_hal_lib\Debug\libnucleo-f446re_hal_lib.a(stm32f4xx_hal_uart.o) (HAL_RCC_GetPCLK1Freq)
c:/ac6/systemworkbench/plugins/fr.ac6.mcu.externaltools.arm-none.win32_1.15.0.201708311556/tools/compiler/bin/../lib/gcc/arm-none-eabi/6.3.1/../../../../arm-none-eabi/lib/thumb/v7e-m/fpv4-sp/hard\libc.a(lib_a-errno.o)
                              src/syscalls.o (__errno)
c:/ac6/systemworkbench/plugins/fr.ac6.mcu.externaltools.arm-none.win32_1.15.0.201708311556/tools/compiler/bin/../lib/gcc/arm-none-eabi/6.3.1/../../../../arm-none-eabi/lib/thumb/v7e-m/fpv4-sp/hard\libc.a(lib_a-exit.o)
                              c:/ac6/systemworkbench/plugins/fr.ac6.mcu.externaltools.arm-none.win32_1.15.0.201708311556/tools/compiler/bin/../lib/gcc/arm-none-eabi/6.3.1/../../../../arm-none-eabi/lib/thumb/v7e-m/fpv4-sp/hard/crt0.o (exit)
c:/ac6/systemworkbench/plugins/fr.ac6.mcu.externaltools.arm-none.win32_1.15.0.201708311556/tools/compiler/bin/../lib/gcc/arm-none-eabi/6.3.1/../../../../arm-none-eabi/lib/thumb/v7e-m/fpv4-sp/hard\libc.a(lib_a-impure.o)
                              c:/ac6/systemworkbench/plugins/fr.ac6.mcu.externaltools.arm-none.win32_1.15.0.201708311556/tools/compiler/bin/../lib/gcc/arm-none-eabi/6.3.1/../../../../arm-none-eabi/lib/thumb/v7e-m/fpv4-sp/hard\libc.a(lib_a-exit.o) (_global_impure_ptr)
c:/ac6/systemworkbench/plugins/fr.ac6.mcu.externaltools.arm-none.win32_1.15.0.201708311556/tools/compiler/bin/../lib/gcc/arm-none-eabi/6.3.1/../../../../arm-none-eabi/lib/thumb/v7e-m/fpv4-sp/hard\libc.a(lib_a-init.o)
                              c:/ac6/systemworkbench/plugins/fr.ac6.mcu.externaltools.arm-none.win32_1.15.0.201708311556/tools/compiler/bin/../lib/gcc/arm-none-eabi/6.3.1/../../../../arm-none-eabi/lib/thumb/v7e-m/fpv4-sp/hard/crt0.o (__libc_init_array)
c:/ac6/systemworkbench/plugins/fr.ac6.mcu.externaltools.arm-none.win32_1.15.0.201708311556/tools/compiler/bin/../lib/gcc/arm-none-eabi/6.3.1/../../../../arm-none-eabi/lib/thumb/v7e-m/fpv4-sp/hard\libc.a(lib_a-memset.o)
                              c:/ac6/systemworkbench/plugins/fr.ac6.mcu.externaltools.arm-none.win32_1.15.0.201708311556/tools/compiler/bin/../lib/gcc/arm-none-eabi/6.3.1/../../../../arm-none-eabi/lib/thumb/v7e-m/fpv4-sp/hard/crt0.o (memset)
c:/ac6/systemworkbench/plugins/fr.ac6.mcu.externaltools.arm-none.win32_1.15.0.201708311556/tools/compiler/bin/../lib/gcc/arm-none-eabi/6.3.1/../../../../arm-none-eabi/lib/thumb/v7e-m/fpv4-sp/hard\libc.a(lib_a-__call_atexit.o)
                              c:/ac6/systemworkbench/plugins/fr.ac6.mcu.externaltools.arm-none.win32_1.15.0.201708311556/tools/compiler/bin/../lib/gcc/arm-none-eabi/6.3.1/../../../../arm-none-eabi/lib/thumb/v7e-m/fpv4-sp/hard\libc.a(lib_a-exit.o) (__call_exitprocs)
c:/ac6/systemworkbench/plugins/fr.ac6.mcu.externaltools.arm-none.win32_1.15.0.201708311556/tools/compiler/bin/../lib/gcc/arm-none-eabi/6.3.1/../../../../arm-none-eabi/lib/thumb/v7e-m/fpv4-sp/hard\libc.a(lib_a-atexit.o)
                              c:/ac6/systemworkbench/plugins/fr.ac6.mcu.externaltools.arm-none.win32_1.15.0.201708311556/tools/compiler/bin/../lib/gcc/arm-none-eabi/6.3.1/../../../../arm-none-eabi/lib/thumb/v7e-m/fpv4-sp/hard\libc.a(lib_a-__call_atexit.o) (atexit)
c:/ac6/systemworkbench/plugins/fr.ac6.mcu.externaltools.arm-none.win32_1.15.0.201708311556/tools/compiler/bin/../lib/gcc/arm-none-eabi/6.3.1/../../../../arm-none-eabi/lib/thumb/v7e-m/fpv4-sp/hard\libc.a(lib_a-fini.o)
                              c:/ac6/systemworkbench/plugins/fr.ac6.mcu.externaltools.arm-none.win32_1.15.0.201708311556/tools/compiler/bin/../lib/gcc/arm-none-eabi/6.3.1/../../../../arm-none-eabi/lib/thumb/v7e-m/fpv4-sp/hard\libc.a(lib_a-__call_atexit.o) (__libc_fini_array)
[...]
Memory Configuration

Name             Origin             Length             Attributes
FLASH            0x08000000         0x00080000         xr
RAM              0x20000000         0x00020000         xrw
*default*        0x00000000         0xffffffff

Linker script and memory map

LOAD c:/ac6/systemworkbench/plugins/fr.ac6.mcu.externaltools.arm-none.win32_1.15.0.201708311556/tools/compiler/bin/../lib/gcc/arm-none-eabi/6.3.1/thumb/v7e-m/fpv4-sp/hard/crti.o
LOAD c:/ac6/systemworkbench/plugins/fr.ac6.mcu.externaltools.arm-none.win32_1.15.0.201708311556/tools/compiler/bin/../lib/gcc/arm-none-eabi/6.3.1/thumb/v7e-m/fpv4-sp/hard/crtbegin.o
LOAD c:/ac6/systemworkbench/plugins/fr.ac6.mcu.externaltools.arm-none.win32_1.15.0.201708311556/tools/compiler/bin/../lib/gcc/arm-none-eabi/6.3.1/../../../../arm-none-eabi/lib/thumb/v7e-m/fpv4-sp/hard/crt0.o
LOAD src/gpio.o
LOAD src/main.o
LOAD src/stm32f4xx_it.o
LOAD src/syscalls.o
LOAD src/system_stm32f4xx.o
LOAD src/uart.o
LOAD startup/startup_stm32f446xx.o
LOAD C:\Users\Zsolt\stm_workspace\nucleo-f446re_hal_lib\Debug\libnucleo-f446re_hal_lib.a
LOAD c:/ac6/systemworkbench/plugins/fr.ac6.mcu.externaltools.arm-none.win32_1.15.0.201708311556/tools/compiler/bin/../lib/gcc/arm-none-eabi/6.3.1/../../../../arm-none-eabi/lib/thumb/v7e-m/fpv4-sp/hard\libm.a
START GROUP
LOAD c:/ac6/systemworkbench/plugins/fr.ac6.mcu.externaltools.arm-none.win32_1.15.0.201708311556/tools/compiler/bin/../lib/gcc/arm-none-eabi/6.3.1/thumb/v7e-m/fpv4-sp/hard\libgcc.a
LOAD c:/ac6/systemworkbench/plugins/fr.ac6.mcu.externaltools.arm-none.win32_1.15.0.201708311556/tools/compiler/bin/../lib/gcc/arm-none-eabi/6.3.1/../../../../arm-none-eabi/lib/thumb/v7e-m/fpv4-sp/hard\libc.a
END GROUP
LOAD c:/ac6/systemworkbench/plugins/fr.ac6.mcu.externaltools.arm-none.win32_1.15.0.201708311556/tools/compiler/bin/../lib/gcc/arm-none-eabi/6.3.1/thumb/v7e-m/fpv4-sp/hard/crtend.o
LOAD c:/ac6/systemworkbench/plugins/fr.ac6.mcu.externaltools.arm-none.win32_1.15.0.201708311556/tools/compiler/bin/../lib/gcc/arm-none-eabi/6.3.1/thumb/v7e-m/fpv4-sp/hard/crtn.o
                0x20020000                _estack = 0x20020000
                0x00000200                _Min_Heap_Size = 0x200
                0x00000400                _Min_Stack_Size = 0x400

.isr_vector     0x08000000      0x1c4
                0x08000000                . = ALIGN (0x4)
 *(.isr_vector)
 .isr_vector    0x08000000      0x1c4 startup/startup_stm32f446xx.o
                0x08000000                g_pfnVectors
                0x080001c4                . = ALIGN (0x4)

.text           0x080001c4     0x111c
                0x080001c4                . = ALIGN (0x4)
 *(.text)
 .text          0x080001c4       0x6c c:/ac6/systemworkbench/plugins/fr.ac6.mcu.externaltools.arm-none.win32_1.15.0.201708311556/tools/compiler/bin/../lib/gcc/arm-none-eabi/6.3.1/thumb/v7e-m/fpv4-sp/hard/crtbegin.o
 *(.text*)
 .text.InitGPIO
                0x08000230       0x30 src/gpio.o
                0x08000230                InitGPIO
 .text.main     0x08000260       0x24 src/main.o
                0x08000260                main
 .text.SysTick_Handler
                0x08000284       0x10 src/stm32f4xx_it.o
                0x08000284                SysTick_Handler
 .text.SystemInit
                0x08000294       0x6c src/system_stm32f4xx.o
                0x08000294                SystemInit
 .text.InitUart
                0x08000300       0x8c src/uart.o
                0x08000300                InitUart
 .text.SendOverBluetooth
                0x0800038c       0x2c src/uart.o
                0x0800038c                SendOverBluetooth
 .text.Reset_Handler
                0x080003b8       0x50 startup/startup_stm32f446xx.o
                0x080003b8                Reset_Handler
 .text.Default_Handler
                0x08000408        0x2 startup/startup_stm32f446xx.o
                0x08000408                RTC_Alarm_IRQHandler
                0x08000408                EXTI2_IRQHandler
                0x08000408                TIM8_CC_IRQHandler
                0x08000408                DebugMon_Handler
                0x08000408                SPI4_IRQHandler
                0x08000408                TIM1_CC_IRQHandler
                0x08000408                DMA2_Stream5_IRQHandler
                0x08000408                HardFault_Handler
                0x08000408                DMA1_Stream5_IRQHandler
                0x08000408                PVD_IRQHandler
                0x08000408                SDIO_IRQHandler
                0x08000408                TAMP_STAMP_IRQHandler
                0x08000408                PendSV_Handler
                0x08000408                NMI_Handler
                0x08000408                CAN2_RX1_IRQHandler
                0x08000408                EXTI3_IRQHandler
                0x08000408                TIM8_TRG_COM_TIM14_IRQHandler
                0x08000408                TIM1_UP_TIM10_IRQHandler
                0x08000408                TIM8_UP_TIM13_IRQHandler
                0x08000408                I2C3_ER_IRQHandler
                0x08000408                FMPI2C1_Event_IRQHandler
                0x08000408                EXTI0_IRQHandler
                0x08000408                I2C2_EV_IRQHandler
                0x08000408                DMA1_Stream2_IRQHandler
                0x08000408                CAN1_RX0_IRQHandler
                0x08000408                FPU_IRQHandler
                0x08000408                OTG_HS_WKUP_IRQHandler
                0x08000408                UsageFault_Handler
                0x08000408                CAN2_SCE_IRQHandler
                0x08000408                DMA2_Stream2_IRQHandler
                0x08000408                SPI1_IRQHandler
                0x08000408                TIM6_DAC_IRQHandler
                0x08000408                TIM1_BRK_TIM9_IRQHandler
                0x08000408                DCMI_IRQHandler
                0x08000408                CAN2_RX0_IRQHandler
                0x08000408                DMA2_Stream3_IRQHandler
                0x08000408                SAI2_IRQHandler
                0x08000408                USART6_IRQHandler
                0x08000408                USART3_IRQHandler
                0x08000408                CAN1_RX1_IRQHandler
                0x08000408                UART5_IRQHandler
                0x08000408                DMA2_Stream0_IRQHandler
                0x08000408                TIM4_IRQHandler
                0x08000408                QUADSPI_IRQHandler
                0x08000408                I2C1_EV_IRQHandler
                0x08000408                DMA1_Stream6_IRQHandler
                0x08000408                DMA1_Stream1_IRQHandler
                0x08000408                UART4_IRQHandler
                0x08000408                TIM3_IRQHandler
                0x08000408                RCC_IRQHandler
                0x08000408                TIM8_BRK_TIM12_IRQHandler
                0x08000408                Default_Handler
                0x08000408                CEC_IRQHandler
                0x08000408                EXTI15_10_IRQHandler
                0x08000408                ADC_IRQHandler
                0x08000408                DMA1_Stream7_IRQHandler
                0x08000408                TIM7_IRQHandler
                0x08000408                CAN2_TX_IRQHandler
                0x08000408                TIM5_IRQHandler
                0x08000408                DMA2_Stream7_IRQHandler
                0x08000408                I2C3_EV_IRQHandler
                0x08000408                EXTI9_5_IRQHandler
                0x08000408                RTC_WKUP_IRQHandler
                0x08000408                SPDIF_RX_IRQHandler
                0x08000408                SPI2_IRQHandler
                0x08000408                OTG_HS_EP1_IN_IRQHandler
                0x08000408                MemManage_Handler
                0x08000408                DMA1_Stream0_IRQHandler
                0x08000408                CAN1_TX_IRQHandler
                0x08000408                SVC_Handler
                0x08000408                EXTI4_IRQHandler
                0x08000408                OTG_HS_EP1_OUT_IRQHandler
                0x08000408                WWDG_IRQHandler
                0x08000408                TIM2_IRQHandler
                0x08000408                OTG_FS_WKUP_IRQHandler
                0x08000408                TIM1_TRG_COM_TIM11_IRQHandler
                0x08000408                OTG_HS_IRQHandler
                0x08000408                EXTI1_IRQHandler
                0x08000408                USART2_IRQHandler
                0x08000408                I2C2_ER_IRQHandler
                0x08000408                DMA2_Stream1_IRQHandler
                0x08000408                CAN1_SCE_IRQHandler
                0x08000408                FLASH_IRQHandler
                0x08000408                DMA2_Stream4_IRQHandler
                0x08000408                BusFault_Handler
                0x08000408                USART1_IRQHandler
                0x08000408                OTG_FS_IRQHandler
                0x08000408                SPI3_IRQHandler
                0x08000408                DMA1_Stream4_IRQHandler
                0x08000408                I2C1_ER_IRQHandler
                0x08000408                FMC_IRQHandler
                0x08000408                DMA2_Stream6_IRQHandler
                0x08000408                SAI1_IRQHandler
                0x08000408                DMA1_Stream3_IRQHandler
                0x08000408                FMPI2C1_Error_IRQHandler
 *fill*         0x0800040a        0x2 
 .text.HAL_Init
                0x0800040c       0x44 C:\Users\Zsolt\stm_workspace\nucleo-f446re_hal_lib\Debug\libnucleo-f446re_hal_lib.a(stm32f4xx_hal.o)
                0x0800040c                HAL_Init
 .text.HAL_MspInit
                0x08000450        0xe C:\Users\Zsolt\stm_workspace\nucleo-f446re_hal_lib\Debug\libnucleo-f446re_hal_lib.a(stm32f4xx_hal.o)
                0x08000450                HAL_MspInit
 *fill*         0x0800045e        0x2 
 .text.HAL_InitTick
                0x08000460       0x38 C:\Users\Zsolt\stm_workspace\nucleo-f446re_hal_lib\Debug\libnucleo-f446re_hal_lib.a(stm32f4xx_hal.o)
                0x08000460                HAL_InitTick
 .text.HAL_IncTick
                0x08000498       0x1c C:\Users\Zsolt\stm_workspace\nucleo-f446re_hal_lib\Debug\libnucleo-f446re_hal_lib.a(stm32f4xx_hal.o)
                0x08000498                HAL_IncTick
 .text.HAL_GetTick
                0x080004b4       0x18 C:\Users\Zsolt\stm_workspace\nucleo-f446re_hal_lib\Debug\libnucleo-f446re_hal_lib.a(stm32f4xx_hal.o)
                0x080004b4                HAL_GetTick
 .text.HAL_Delay
                0x080004cc       0x3a C:\Users\Zsolt\stm_workspace\nucleo-f446re_hal_lib\Debug\libnucleo-f446re_hal_lib.a(stm32f4xx_hal.o)
                0x080004cc                HAL_Delay
 *fill*         0x08000506        0x2 
 .text.NVIC_SetPriorityGrouping
                0x08000508       0x48 C:\Users\Zsolt\stm_workspace\nucleo-f446re_hal_lib\Debug\libnucleo-f446re_hal_lib.a(stm32f4xx_hal_cortex.o)
 .text.NVIC_GetPriorityGrouping
                0x08000550       0x1c C:\Users\Zsolt\stm_workspace\nucleo-f446re_hal_lib\Debug\libnucleo-f446re_hal_lib.a(stm32f4xx_hal_cortex.o)
 .text.NVIC_SetPriority
                0x0800056c       0x54 C:\Users\Zsolt\stm_workspace\nucleo-f446re_hal_lib\Debug\libnucleo-f446re_hal_lib.a(stm32f4xx_hal_cortex.o)
 .text.NVIC_EncodePriority
                0x080005c0       0x62 C:\Users\Zsolt\stm_workspace\nucleo-f446re_hal_lib\Debug\libnucleo-f446re_hal_lib.a(stm32f4xx_hal_cortex.o)
 *fill*         0x08000622        0x2 
 .text.SysTick_Config
                0x08000624       0x44 C:\Users\Zsolt\stm_workspace\nucleo-f446re_hal_lib\Debug\libnucleo-f446re_hal_lib.a(stm32f4xx_hal_cortex.o)
 .text.HAL_NVIC_SetPriorityGrouping
                0x08000668       0x16 C:\Users\Zsolt\stm_workspace\nucleo-f446re_hal_lib\Debug\libnucleo-f446re_hal_lib.a(stm32f4xx_hal_cortex.o)
                0x08000668                HAL_NVIC_SetPriorityGrouping
 .text.HAL_NVIC_SetPriority
                0x0800067e       0x38 C:\Users\Zsolt\stm_workspace\nucleo-f446re_hal_lib\Debug\libnucleo-f446re_hal_lib.a(stm32f4xx_hal_cortex.o)
                0x0800067e                HAL_NVIC_SetPriority
 .text.HAL_SYSTICK_Config
                0x080006b6       0x18 C:\Users\Zsolt\stm_workspace\nucleo-f446re_hal_lib\Debug\libnucleo-f446re_hal_lib.a(stm32f4xx_hal_cortex.o)
                0x080006b6                HAL_SYSTICK_Config
 .text.HAL_SYSTICK_IRQHandler
                0x080006ce        0xc C:\Users\Zsolt\stm_workspace\nucleo-f446re_hal_lib\Debug\libnucleo-f446re_hal_lib.a(stm32f4xx_hal_cortex.o)
                0x080006ce                HAL_SYSTICK_IRQHandler
 .text.HAL_SYSTICK_Callback
                0x080006da        0xe C:\Users\Zsolt\stm_workspace\nucleo-f446re_hal_lib\Debug\libnucleo-f446re_hal_lib.a(stm32f4xx_hal_cortex.o)
                0x080006da                HAL_SYSTICK_Callback
 .text.HAL_GPIO_Init
                0x080006e8      0x324 C:\Users\Zsolt\stm_workspace\nucleo-f446re_hal_lib\Debug\libnucleo-f446re_hal_lib.a(stm32f4xx_hal_gpio.o)
                0x080006e8                HAL_GPIO_Init
 .text.HAL_UART_Init
                0x08000a0c       0x9a C:\Users\Zsolt\stm_workspace\nucleo-f446re_hal_lib\Debug\libnucleo-f446re_hal_lib.a(stm32f4xx_hal_uart.o)
                0x08000a0c                HAL_UART_Init
 .text.HAL_UART_MspInit
                0x08000aa6       0x14 C:\Users\Zsolt\stm_workspace\nucleo-f446re_hal_lib\Debug\libnucleo-f446re_hal_lib.a(stm32f4xx_hal_uart.o)
                0x08000aa6                HAL_UART_MspInit
 .text.HAL_UART_Transmit
                0x08000aba      0x130 C:\Users\Zsolt\stm_workspace\nucleo-f446re_hal_lib\Debug\libnucleo-f446re_hal_lib.a(stm32f4xx_hal_uart.o)
                0x08000aba                HAL_UART_Transmit
 .text.UART_WaitOnFlagUntilTimeout
                0x08000bea       0x94 C:\Users\Zsolt\stm_workspace\nucleo-f446re_hal_lib\Debug\libnucleo-f446re_hal_lib.a(stm32f4xx_hal_uart.o)
 *fill*         0x08000c7e        0x2 
 .text.UART_SetConfig
                0x08000c80      0x438 C:\Users\Zsolt\stm_workspace\nucleo-f446re_hal_lib\Debug\libnucleo-f446re_hal_lib.a(stm32f4xx_hal_uart.o)
 .text.HAL_RCC_GetHCLKFreq
                0x080010b8       0x18 C:\Users\Zsolt\stm_workspace\nucleo-f446re_hal_lib\Debug\libnucleo-f446re_hal_lib.a(stm32f4xx_hal_rcc.o)
                0x080010b8                HAL_RCC_GetHCLKFreq
 .text.HAL_RCC_GetPCLK1Freq
                0x080010d0       0x44 C:\Users\Zsolt\stm_workspace\nucleo-f446re_hal_lib\Debug\libnucleo-f446re_hal_lib.a(stm32f4xx_hal_rcc.o)
                0x080010d0                HAL_RCC_GetPCLK1Freq
 .text.HAL_RCC_GetPCLK2Freq
                0x08001114       0x44 C:\Users\Zsolt\stm_workspace\nucleo-f446re_hal_lib\Debug\libnucleo-f446re_hal_lib.a(stm32f4xx_hal_rcc.o)
                0x08001114                HAL_RCC_GetPCLK2Freq
 .text.__libc_init_array
                0x08001158       0x50 c:/ac6/systemworkbench/plugins/fr.ac6.mcu.externaltools.arm-none.win32_1.15.0.201708311556/tools/compiler/bin/../lib/gcc/arm-none-eabi/6.3.1/../../../../arm-none-eabi/lib/thumb/v7e-m/fpv4-sp/hard\libc.a(lib_a-init.o)
                0x08001158                __libc_init_array
 .text.startup.register_fini
                0x080011a8       0x14 c:/ac6/systemworkbench/plugins/fr.ac6.mcu.externaltools.arm-none.win32_1.15.0.201708311556/tools/compiler/bin/../lib/gcc/arm-none-eabi/6.3.1/../../../../arm-none-eabi/lib/thumb/v7e-m/fpv4-sp/hard\libc.a(lib_a-__call_atexit.o)
 .text.atexit   0x080011bc        0xc c:/ac6/systemworkbench/plugins/fr.ac6.mcu.externaltools.arm-none.win32_1.15.0.201708311556/tools/compiler/bin/../lib/gcc/arm-none-eabi/6.3.1/../../../../arm-none-eabi/lib/thumb/v7e-m/fpv4-sp/hard\libc.a(lib_a-atexit.o)
                0x080011bc                atexit
 .text.__libc_fini_array
                0x080011c8       0x34 c:/ac6/systemworkbench/plugins/fr.ac6.mcu.externaltools.arm-none.win32_1.15.0.201708311556/tools/compiler/bin/../lib/gcc/arm-none-eabi/6.3.1/../../../../arm-none-eabi/lib/thumb/v7e-m/fpv4-sp/hard\libc.a(lib_a-fini.o)
                0x080011c8                __libc_fini_array
 .text.__retarget_lock_acquire_recursive
                0x080011fc        0x4 c:/ac6/systemworkbench/plugins/fr.ac6.mcu.externaltools.arm-none.win32_1.15.0.201708311556/tools/compiler/bin/../lib/gcc/arm-none-eabi/6.3.1/../../../../arm-none-eabi/lib/thumb/v7e-m/fpv4-sp/hard\libc.a(lib_a-lock.o)
                0x080011fc                __retarget_lock_acquire_recursive
 .text.__retarget_lock_release_recursive
                0x08001200        0x4 c:/ac6/systemworkbench/plugins/fr.ac6.mcu.externaltools.arm-none.win32_1.15.0.201708311556/tools/compiler/bin/../lib/gcc/arm-none-eabi/6.3.1/../../../../arm-none-eabi/lib/thumb/v7e-m/fpv4-sp/hard\libc.a(lib_a-lock.o)
                0x08001200                __retarget_lock_release_recursive
 .text.__register_exitproc
                0x08001204       0xc4 c:/ac6/systemworkbench/plugins/fr.ac6.mcu.externaltools.arm-none.win32_1.15.0.201708311556/tools/compiler/bin/../lib/gcc/arm-none-eabi/6.3.1/../../../../arm-none-eabi/lib/thumb/v7e-m/fpv4-sp/hard\libc.a(lib_a-__atexit.o)
                0x08001204                __register_exitproc
 *(.glue_7)
 .glue_7        0x080012c8        0x0 linker stubs
 *(.glue_7t)
 .glue_7t       0x080012c8        0x0 linker stubs
 *(.eh_frame)
 .eh_frame      0x080012c8        0x0 c:/ac6/systemworkbench/plugins/fr.ac6.mcu.externaltools.arm-none.win32_1.15.0.201708311556/tools/compiler/bin/../lib/gcc/arm-none-eabi/6.3.1/thumb/v7e-m/fpv4-sp/hard/crtbegin.o
 *(.init)
 .init          0x080012c8        0x4 c:/ac6/systemworkbench/plugins/fr.ac6.mcu.externaltools.arm-none.win32_1.15.0.201708311556/tools/compiler/bin/../lib/gcc/arm-none-eabi/6.3.1/thumb/v7e-m/fpv4-sp/hard/crti.o
                0x080012c8                _init
 .init          0x080012cc        0x8 c:/ac6/systemworkbench/plugins/fr.ac6.mcu.externaltools.arm-none.win32_1.15.0.201708311556/tools/compiler/bin/../lib/gcc/arm-none-eabi/6.3.1/thumb/v7e-m/fpv4-sp/hard/crtn.o
 *(.fini)
 .fini          0x080012d4        0x4 c:/ac6/systemworkbench/plugins/fr.ac6.mcu.externaltools.arm-none.win32_1.15.0.201708311556/tools/compiler/bin/../lib/gcc/arm-none-eabi/6.3.1/thumb/v7e-m/fpv4-sp/hard/crti.o
                0x080012d4                _fini
 .fini          0x080012d8        0x8 c:/ac6/systemworkbench/plugins/fr.ac6.mcu.externaltools.arm-none.win32_1.15.0.201708311556/tools/compiler/bin/../lib/gcc/arm-none-eabi/6.3.1/thumb/v7e-m/fpv4-sp/hard/crtn.o
                0x080012e0                . = ALIGN (0x4)
                0x080012e0                _etext = .

.vfp11_veneer   0x080012e0        0x0
 .vfp11_veneer  0x080012e0        0x0 linker stubs

.v4_bx          0x080012e0        0x0
 .v4_bx         0x080012e0        0x0 linker stubs

.iplt           0x080012e0        0x0
 .iplt          0x080012e0        0x0 c:/ac6/systemworkbench/plugins/fr.ac6.mcu.externaltools.arm-none.win32_1.15.0.201708311556/tools/compiler/bin/../lib/gcc/arm-none-eabi/6.3.1/thumb/v7e-m/fpv4-sp/hard/crtbegin.o

.rodata         0x080012e0       0x1c
                0x080012e0                . = ALIGN (0x4)
 *(.rodata)
 .rodata        0x080012e0       0x18 src/system_stm32f4xx.o
                0x080012e0                AHBPrescTable
                0x080012f0                APBPrescTable
 *(.rodata*)
 .rodata._global_impure_ptr
                0x080012f8        0x4 c:/ac6/systemworkbench/plugins/fr.ac6.mcu.externaltools.arm-none.win32_1.15.0.201708311556/tools/compiler/bin/../lib/gcc/arm-none-eabi/6.3.1/../../../../arm-none-eabi/lib/thumb/v7e-m/fpv4-sp/hard\libc.a(lib_a-impure.o)
                0x080012f8                _global_impure_ptr
                0x080012fc                . = ALIGN (0x4)

.rel.dyn        0x080012fc        0x0
 .rel.iplt      0x080012fc        0x0 c:/ac6/systemworkbench/plugins/fr.ac6.mcu.externaltools.arm-none.win32_1.15.0.201708311556/tools/compiler/bin/../lib/gcc/arm-none-eabi/6.3.1/thumb/v7e-m/fpv4-sp/hard/crtbegin.o

.ARM.extab
 *(.ARM.extab* .gnu.linkonce.armextab.*)

.ARM            0x080012fc        0x0
                0x080012fc                __exidx_start = .
 *(.ARM.exidx*)
                0x080012fc                __exidx_end = .

.preinit_array  0x080012fc        0x0
                0x080012fc                PROVIDE (__preinit_array_start, .)
 *(.preinit_array*)
                0x080012fc                PROVIDE (__preinit_array_end, .)

.init_array     0x080012fc        0x8
                0x080012fc                PROVIDE (__init_array_start, .)
 *(SORT(.init_array.*))
 .init_array.00000
                0x080012fc        0x4 c:/ac6/systemworkbench/plugins/fr.ac6.mcu.externaltools.arm-none.win32_1.15.0.201708311556/tools/compiler/bin/../lib/gcc/arm-none-eabi/6.3.1/../../../../arm-none-eabi/lib/thumb/v7e-m/fpv4-sp/hard\libc.a(lib_a-__call_atexit.o)
 *(.init_array*)
 .init_array    0x08001300        0x4 c:/ac6/systemworkbench/plugins/fr.ac6.mcu.externaltools.arm-none.win32_1.15.0.201708311556/tools/compiler/bin/../lib/gcc/arm-none-eabi/6.3.1/thumb/v7e-m/fpv4-sp/hard/crtbegin.o
                0x08001304                PROVIDE (__init_array_end, .)

.fini_array     0x08001304        0x4
                0x08001304                PROVIDE (__fini_array_start, .)
 *(SORT(.fini_array.*))
 *(.fini_array*)
 .fini_array    0x08001304        0x4 c:/ac6/systemworkbench/plugins/fr.ac6.mcu.externaltools.arm-none.win32_1.15.0.201708311556/tools/compiler/bin/../lib/gcc/arm-none-eabi/6.3.1/thumb/v7e-m/fpv4-sp/hard/crtbegin.o
                0x08001308                PROVIDE (__fini_array_end, .)
                0x08001308                _sidata = LOADADDR (.data)

.data           0x20000000      0x43c load address 0x08001308
                0x20000000                . = ALIGN (0x4)
                0x20000000                _sdata = .
 *(.data)
 .data          0x20000000        0x4 src/system_stm32f4xx.o
                0x20000000                SystemCoreClock
 .data          0x20000004        0x9 src/uart.o
                0x20000004                uartsize
                0x20000008                uarttimeout
                0x2000000c                pData
 *(.data*)
 *fill*         0x2000000d        0x3 
 .data.impure_data
                0x20000010      0x428 c:/ac6/systemworkbench/plugins/fr.ac6.mcu.externaltools.arm-none.win32_1.15.0.201708311556/tools/compiler/bin/../lib/gcc/arm-none-eabi/6.3.1/../../../../arm-none-eabi/lib/thumb/v7e-m/fpv4-sp/hard\libc.a(lib_a-impure.o)
 .data.__atexit_recursive_mutex
                0x20000438        0x4 c:/ac6/systemworkbench/plugins/fr.ac6.mcu.externaltools.arm-none.win32_1.15.0.201708311556/tools/compiler/bin/../lib/gcc/arm-none-eabi/6.3.1/../../../../arm-none-eabi/lib/thumb/v7e-m/fpv4-sp/hard\libc.a(lib_a-__call_atexit.o)
                0x20000438                __atexit_recursive_mutex
                0x2000043c                . = ALIGN (0x4)
                0x2000043c                _edata = .

.jcr            0x2000043c        0x0 load address 0x08001744
 .jcr           0x2000043c        0x0 c:/ac6/systemworkbench/plugins/fr.ac6.mcu.externaltools.arm-none.win32_1.15.0.201708311556/tools/compiler/bin/../lib/gcc/arm-none-eabi/6.3.1/thumb/v7e-m/fpv4-sp/hard/crtbegin.o

.igot.plt       0x2000043c        0x0 load address 0x08001744
 .igot.plt      0x2000043c        0x0 c:/ac6/systemworkbench/plugins/fr.ac6.mcu.externaltools.arm-none.win32_1.15.0.201708311556/tools/compiler/bin/../lib/gcc/arm-none-eabi/6.3.1/thumb/v7e-m/fpv4-sp/hard/crtbegin.o
                0x2000043c                . = ALIGN (0x4)

.bss            0x2000043c       0x84 load address 0x08001744
                0x2000043c                _sbss = .
                0x2000043c                __bss_start__ = _sbss
 *(.bss)
 .bss           0x2000043c       0x1c c:/ac6/systemworkbench/plugins/fr.ac6.mcu.externaltools.arm-none.win32_1.15.0.201708311556/tools/compiler/bin/../lib/gcc/arm-none-eabi/6.3.1/thumb/v7e-m/fpv4-sp/hard/crtbegin.o
 *(.bss*)
 *(COMMON)
 COMMON         0x20000458       0x40 src/uart.o
                0x20000458                uart2struct
 COMMON         0x20000498        0x4 C:\Users\Zsolt\stm_workspace\nucleo-f446re_hal_lib\Debug\libnucleo-f446re_hal_lib.a(stm32f4xx_hal.o)
                0x20000498                uwTick
 COMMON         0x2000049c       0x21 c:/ac6/systemworkbench/plugins/fr.ac6.mcu.externaltools.arm-none.win32_1.15.0.201708311556/tools/compiler/bin/../lib/gcc/arm-none-eabi/6.3.1/../../../../arm-none-eabi/lib/thumb/v7e-m/fpv4-sp/hard\libc.a(lib_a-lock.o)
                0x2000049c                __lock___atexit_recursive_mutex
                0x200004a0                __lock___arc4random_mutex
                0x200004a4                __lock___env_recursive_mutex
                0x200004a8                __lock___sinit_recursive_mutex
                0x200004ac                __lock___malloc_recursive_mutex
                0x200004b0                __lock___at_quick_exit_mutex
                0x200004b4                __lock___dd_hash_mutex
                0x200004b8                __lock___tz_mutex
                0x200004bc                __lock___sfp_recursive_mutex
                0x200004c0                . = ALIGN (0x4)
 *fill*         0x200004bd        0x3 
                0x200004c0                _ebss = .
                0x200004c0                __bss_end__ = _ebss

._user_heap_stack
                0x200004c0      0x600 load address 0x08001744
                0x200004c0                . = ALIGN (0x8)
                0x200004c0                PROVIDE (end, .)
                [!provide]                PROVIDE (_end, .)
                0x200006c0                . = (. + _Min_Heap_Size)
 *fill*         0x200004c0      0x200 
                0x20000ac0                . = (. + _Min_Stack_Size)
 *fill*         0x200006c0      0x400 
                0x20000ac0                . = ALIGN (0x8)

/DISCARD/
 libc.a(*)
 libm.a(*)
 libgcc.a(*)

.ARM.attributes
                0x00000000       0x30
 *(.ARM.attributes)
 .ARM.attributes
                0x00000000       0x22 c:/ac6/systemworkbench/plugins/fr.ac6.mcu.externaltools.arm-none.win32_1.15.0.201708311556/tools/compiler/bin/../lib/gcc/arm-none-eabi/6.3.1/thumb/v7e-m/fpv4-sp/hard/crti.o
 .ARM.attributes
                0x00000022       0x34 c:/ac6/systemworkbench/plugins/fr.ac6.mcu.externaltools.arm-none.win32_1.15.0.201708311556/tools/compiler/bin/../lib/gcc/arm-none-eabi/6.3.1/thumb/v7e-m/fpv4-sp/hard/crtbegin.o
 .ARM.attributes
                0x00000056       0x39 src/gpio.o
 .ARM.attributes
                0x0000008f       0x39 src/main.o
 .ARM.attributes
                0x000000c8       0x39 src/stm32f4xx_it.o
 .ARM.attributes
                0x00000101       0x39 src/system_stm32f4xx.o
 .ARM.attributes
                0x0000013a       0x39 src/uart.o
 .ARM.attributes
                0x00000173       0x21 startup/startup_stm32f446xx.o
 .ARM.attributes
                0x00000194       0x39 C:\Users\Zsolt\stm_workspace\nucleo-f446re_hal_lib\Debug\libnucleo-f446re_hal_lib.a(stm32f4xx_hal.o)
 .ARM.attributes
                0x000001cd       0x39 C:\Users\Zsolt\stm_workspace\nucleo-f446re_hal_lib\Debug\libnucleo-f446re_hal_lib.a(stm32f4xx_hal_cortex.o)
 .ARM.attributes
                0x00000206       0x39 C:\Users\Zsolt\stm_workspace\nucleo-f446re_hal_lib\Debug\libnucleo-f446re_hal_lib.a(stm32f4xx_hal_gpio.o)
 .ARM.attributes
                0x0000023f       0x39 C:\Users\Zsolt\stm_workspace\nucleo-f446re_hal_lib\Debug\libnucleo-f446re_hal_lib.a(stm32f4xx_hal_uart.o)
 .ARM.attributes
                0x00000278       0x39 C:\Users\Zsolt\stm_workspace\nucleo-f446re_hal_lib\Debug\libnucleo-f446re_hal_lib.a(stm32f4xx_hal_rcc.o)
 .ARM.attributes
                0x000002b1       0x34 c:/ac6/systemworkbench/plugins/fr.ac6.mcu.externaltools.arm-none.win32_1.15.0.201708311556/tools/compiler/bin/../lib/gcc/arm-none-eabi/6.3.1/../../../../arm-none-eabi/lib/thumb/v7e-m/fpv4-sp/hard\libc.a(lib_a-impure.o)
 .ARM.attributes
                0x000002e5       0x34 c:/ac6/systemworkbench/plugins/fr.ac6.mcu.externaltools.arm-none.win32_1.15.0.201708311556/tools/compiler/bin/../lib/gcc/arm-none-eabi/6.3.1/../../../../arm-none-eabi/lib/thumb/v7e-m/fpv4-sp/hard\libc.a(lib_a-init.o)
 .ARM.attributes
                0x00000319       0x34 c:/ac6/systemworkbench/plugins/fr.ac6.mcu.externaltools.arm-none.win32_1.15.0.201708311556/tools/compiler/bin/../lib/gcc/arm-none-eabi/6.3.1/../../../../arm-none-eabi/lib/thumb/v7e-m/fpv4-sp/hard\libc.a(lib_a-__call_atexit.o)
 .ARM.attributes
                0x0000034d       0x34 c:/ac6/systemworkbench/plugins/fr.ac6.mcu.externaltools.arm-none.win32_1.15.0.201708311556/tools/compiler/bin/../lib/gcc/arm-none-eabi/6.3.1/../../../../arm-none-eabi/lib/thumb/v7e-m/fpv4-sp/hard\libc.a(lib_a-atexit.o)
 .ARM.attributes
                0x00000381       0x34 c:/ac6/systemworkbench/plugins/fr.ac6.mcu.externaltools.arm-none.win32_1.15.0.201708311556/tools/compiler/bin/../lib/gcc/arm-none-eabi/6.3.1/../../../../arm-none-eabi/lib/thumb/v7e-m/fpv4-sp/hard\libc.a(lib_a-fini.o)
 .ARM.attributes
                0x000003b5       0x34 c:/ac6/systemworkbench/plugins/fr.ac6.mcu.externaltools.arm-none.win32_1.15.0.201708311556/tools/compiler/bin/../lib/gcc/arm-none-eabi/6.3.1/../../../../arm-none-eabi/lib/thumb/v7e-m/fpv4-sp/hard\libc.a(lib_a-lock.o)
 .ARM.attributes
                0x000003e9       0x34 c:/ac6/systemworkbench/plugins/fr.ac6.mcu.externaltools.arm-none.win32_1.15.0.201708311556/tools/compiler/bin/../lib/gcc/arm-none-eabi/6.3.1/../../../../arm-none-eabi/lib/thumb/v7e-m/fpv4-sp/hard\libc.a(lib_a-__atexit.o)
 .ARM.attributes
                0x0000041d       0x22 c:/ac6/systemworkbench/plugins/fr.ac6.mcu.externaltools.arm-none.win32_1.15.0.201708311556/tools/compiler/bin/../lib/gcc/arm-none-eabi/6.3.1/thumb/v7e-m/fpv4-sp/hard/crtn.o
OUTPUT(bluetooth.elf elf32-littlearm)

.debug_info     0x00000000     0xa018
 .debug_info    0x00000000      0xa6e src/gpio.o
 .debug_info    0x00000a6e      0x977 src/main.o
 .debug_info    0x000013e5      0x954 src/stm32f4xx_it.o
 .debug_info    0x00001d39      0xd5f src/system_stm32f4xx.o
 .debug_info    0x00002a98     0x102b src/uart.o
 .debug_info    0x00003ac3       0x7c startup/startup_stm32f446xx.o
 .debug_info    0x00003b3f     0x1153 C:\Users\Zsolt\stm_workspace\nucleo-f446re_hal_lib\Debug\libnucleo-f446re_hal_lib.a(stm32f4xx_hal.o)
 .debug_info    0x00004c92     0x1614 C:\Users\Zsolt\stm_workspace\nucleo-f446re_hal_lib\Debug\libnucleo-f446re_hal_lib.a(stm32f4xx_hal_cortex.o)
 .debug_info    0x000062a6      0xfd8 C:\Users\Zsolt\stm_workspace\nucleo-f446re_hal_lib\Debug\libnucleo-f446re_hal_lib.a(stm32f4xx_hal_gpio.o)
 .debug_info    0x0000727e     0x19f1 C:\Users\Zsolt\stm_workspace\nucleo-f446re_hal_lib\Debug\libnucleo-f446re_hal_lib.a(stm32f4xx_hal_uart.o)
 .debug_info    0x00008c6f     0x13a9 C:\Users\Zsolt\stm_workspace\nucleo-f446re_hal_lib\Debug\libnucleo-f446re_hal_lib.a(stm32f4xx_hal_rcc.o)

.debug_abbrev   0x00000000     0x191f
 .debug_abbrev  0x00000000      0x1cd src/gpio.o
 .debug_abbrev  0x000001cd      0x1cb src/main.o
 .debug_abbrev  0x00000398      0x1b1 src/stm32f4xx_it.o
 .debug_abbrev  0x00000549      0x205 src/system_stm32f4xx.o
 .debug_abbrev  0x0000074e      0x233 src/uart.o
 .debug_abbrev  0x00000981       0x12 startup/startup_stm32f446xx.o
 .debug_abbrev  0x00000993      0x310 C:\Users\Zsolt\stm_workspace\nucleo-f446re_hal_lib\Debug\libnucleo-f446re_hal_lib.a(stm32f4xx_hal.o)
 .debug_abbrev  0x00000ca3      0x39d C:\Users\Zsolt\stm_workspace\nucleo-f446re_hal_lib\Debug\libnucleo-f446re_hal_lib.a(stm32f4xx_hal_cortex.o)
 .debug_abbrev  0x00001040      0x287 C:\Users\Zsolt\stm_workspace\nucleo-f446re_hal_lib\Debug\libnucleo-f446re_hal_lib.a(stm32f4xx_hal_gpio.o)
 .debug_abbrev  0x000012c7      0x2f8 C:\Users\Zsolt\stm_workspace\nucleo-f446re_hal_lib\Debug\libnucleo-f446re_hal_lib.a(stm32f4xx_hal_uart.o)
 .debug_abbrev  0x000015bf      0x360 C:\Users\Zsolt\stm_workspace\nucleo-f446re_hal_lib\Debug\libnucleo-f446re_hal_lib.a(stm32f4xx_hal_rcc.o)

.debug_aranges  0x00000000      0x568
 .debug_aranges
                0x00000000       0x20 src/gpio.o
 .debug_aranges
                0x00000020       0x20 src/main.o
 .debug_aranges
                0x00000040       0x20 src/stm32f4xx_it.o
 .debug_aranges
                0x00000060       0x28 src/system_stm32f4xx.o
 .debug_aranges
                0x00000088       0x28 src/uart.o
 .debug_aranges
                0x000000b0       0x28 startup/startup_stm32f446xx.o
 .debug_aranges
                0x000000d8       0xc8 C:\Users\Zsolt\stm_workspace\nucleo-f446re_hal_lib\Debug\libnucleo-f446re_hal_lib.a(stm32f4xx_hal.o)
 .debug_aranges
                0x000001a0      0x118 C:\Users\Zsolt\stm_workspace\nucleo-f446re_hal_lib\Debug\libnucleo-f446re_hal_lib.a(stm32f4xx_hal_cortex.o)
 .debug_aranges
                0x000002b8       0x58 C:\Users\Zsolt\stm_workspace\nucleo-f446re_hal_lib\Debug\libnucleo-f446re_hal_lib.a(stm32f4xx_hal_gpio.o)
 .debug_aranges
                0x00000310      0x1d0 C:\Users\Zsolt\stm_workspace\nucleo-f446re_hal_lib\Debug\libnucleo-f446re_hal_lib.a(stm32f4xx_hal_uart.o)
 .debug_aranges
                0x000004e0       0x88 C:\Users\Zsolt\stm_workspace\nucleo-f446re_hal_lib\Debug\libnucleo-f446re_hal_lib.a(stm32f4xx_hal_rcc.o)

.debug_ranges   0x00000000      0x4c0
 .debug_ranges  0x00000000       0x10 src/gpio.o
 .debug_ranges  0x00000010       0x10 src/main.o
 .debug_ranges  0x00000020       0x10 src/stm32f4xx_it.o
 .debug_ranges  0x00000030       0x18 src/system_stm32f4xx.o
 .debug_ranges  0x00000048       0x18 src/uart.o
 .debug_ranges  0x00000060       0x20 startup/startup_stm32f446xx.o
 .debug_ranges  0x00000080       0xb8 C:\Users\Zsolt\stm_workspace\nucleo-f446re_hal_lib\Debug\libnucleo-f446re_hal_lib.a(stm32f4xx_hal.o)
 .debug_ranges  0x00000138      0x108 C:\Users\Zsolt\stm_workspace\nucleo-f446re_hal_lib\Debug\libnucleo-f446re_hal_lib.a(stm32f4xx_hal_cortex.o)
 .debug_ranges  0x00000240       0x48 C:\Users\Zsolt\stm_workspace\nucleo-f446re_hal_lib\Debug\libnucleo-f446re_hal_lib.a(stm32f4xx_hal_gpio.o)
 .debug_ranges  0x00000288      0x1c0 C:\Users\Zsolt\stm_workspace\nucleo-f446re_hal_lib\Debug\libnucleo-f446re_hal_lib.a(stm32f4xx_hal_uart.o)
 .debug_ranges  0x00000448       0x78 C:\Users\Zsolt\stm_workspace\nucleo-f446re_hal_lib\Debug\libnucleo-f446re_hal_lib.a(stm32f4xx_hal_rcc.o)

.debug_macro    0x00000000    0x27c41
 .debug_macro   0x00000000      0x516 src/gpio.o
 .debug_macro   0x00000516      0x8ce src/gpio.o
 .debug_macro   0x00000de4       0x2d src/gpio.o
 .debug_macro   0x00000e11       0x28 src/gpio.o
 .debug_macro   0x00000e39       0x22 src/gpio.o
 .debug_macro   0x00000e5b       0x87 src/gpio.o
 .debug_macro   0x00000ee2       0x51 src/gpio.o
 .debug_macro   0x00000f33       0xef src/gpio.o
 .debug_macro   0x00001022       0x6a src/gpio.o
 .debug_macro   0x0000108c      0x1df src/gpio.o
 .debug_macro   0x0000126b       0x35 src/gpio.o
 .debug_macro   0x000012a0       0x50 src/gpio.o
 .debug_macro   0x000012f0      0xe66 src/gpio.o
 .debug_macro   0x00002156    0x16703 src/gpio.o
 .debug_macro   0x00018859       0x43 src/gpio.o
 .debug_macro   0x0001889c      0x15e src/gpio.o
 .debug_macro   0x000189fa     0x3574 src/gpio.o
 .debug_macro   0x0001bf6e       0x58 src/gpio.o
 .debug_macro   0x0001bfc6       0x35 src/gpio.o
 .debug_macro   0x0001bffb       0x9c src/gpio.o
 .debug_macro   0x0001c097       0x16 src/gpio.o
 .debug_macro   0x0001c0ad       0x97 src/gpio.o
 .debug_macro   0x0001c144      0x330 src/gpio.o
 .debug_macro   0x0001c474       0xfd src/gpio.o
 .debug_macro   0x0001c571       0x10 src/gpio.o
 .debug_macro   0x0001c581       0x58 src/gpio.o
 .debug_macro   0x0001c5d9       0x1f src/gpio.o
 .debug_macro   0x0001c5f8       0x43 src/gpio.o
 .debug_macro   0x0001c63b       0x20 src/gpio.o
 .debug_macro   0x0001c65b      0x187 src/gpio.o
 .debug_macro   0x0001c7e2       0x10 src/gpio.o
 .debug_macro   0x0001c7f2       0x1c src/gpio.o
 .debug_macro   0x0001c80e       0x52 src/gpio.o
 .debug_macro   0x0001c860       0x40 src/gpio.o
 .debug_macro   0x0001c8a0       0x10 src/gpio.o
 .debug_macro   0x0001c8b0       0x40 src/gpio.o
 .debug_macro   0x0001c8f0       0xd7 src/gpio.o
 .debug_macro   0x0001c9c7       0x16 src/gpio.o
 .debug_macro   0x0001c9dd      0x18b src/gpio.o
 .debug_macro   0x0001cb68       0x57 src/gpio.o
 .debug_macro   0x0001cbbf      0xc90 src/gpio.o
 .debug_macro   0x0001d84f      0x9e1 src/gpio.o
 .debug_macro   0x0001e230      0x11e src/gpio.o
 .debug_macro   0x0001e34e      0x1a0 src/gpio.o
 .debug_macro   0x0001e4ee       0x27 src/gpio.o
 .debug_macro   0x0001e515      0x287 src/gpio.o
 .debug_macro   0x0001e79c       0x5f src/gpio.o
 .debug_macro   0x0001e7fb      0x23a src/gpio.o
 .debug_macro   0x0001ea35      0x391 src/gpio.o
 .debug_macro   0x0001edc6      0x17d src/gpio.o
 .debug_macro   0x0001ef43       0xf9 src/gpio.o
 .debug_macro   0x0001f03c      0x383 src/gpio.o
 .debug_macro   0x0001f3bf       0x23 src/gpio.o
 .debug_macro   0x0001f3e2       0xe6 src/gpio.o
 .debug_macro   0x0001f4c8       0xa1 src/gpio.o
 .debug_macro   0x0001f569       0x3c src/gpio.o
 .debug_macro   0x0001f5a5       0x81 src/gpio.o
 .debug_macro   0x0001f626      0x1cd src/gpio.o
 .debug_macro   0x0001f7f3      0x13a src/gpio.o
 .debug_macro   0x0001f92d      0x29c src/gpio.o
 .debug_macro   0x0001fbc9       0x2e src/gpio.o
 .debug_macro   0x0001fbf7      0x54a src/gpio.o
 .debug_macro   0x00020141       0x88 src/gpio.o
 .debug_macro   0x000201c9       0xea src/gpio.o
 .debug_macro   0x000202b3       0x10 src/gpio.o
 .debug_macro   0x000202c3      0x1a7 src/gpio.o
 .debug_macro   0x0002046a       0x22 src/gpio.o
 .debug_macro   0x0002048c       0xa5 src/gpio.o
 .debug_macro   0x00020531      0x1a0 src/gpio.o
 .debug_macro   0x000206d1       0x3c src/gpio.o
 .debug_macro   0x0002070d       0x79 src/gpio.o
 .debug_macro   0x00020786      0x11e src/gpio.o
 .debug_macro   0x000208a4       0xe8 src/gpio.o
 .debug_macro   0x0002098c       0x89 src/gpio.o
 .debug_macro   0x00020a15      0x31a src/gpio.o
 .debug_macro   0x00020d2f      0x409 src/gpio.o
 .debug_macro   0x00021138       0xe4 src/gpio.o
 .debug_macro   0x0002121c      0x383 src/gpio.o
 .debug_macro   0x0002159f       0x28 src/gpio.o
 .debug_macro   0x000215c7       0xc8 src/gpio.o
 .debug_macro   0x0002168f      0x81b src/gpio.o
 .debug_macro   0x00021eaa      0x198 src/gpio.o
 .debug_macro   0x00022042      0x202 src/gpio.o
 .debug_macro   0x00022244      0x6e0 src/gpio.o
 .debug_macro   0x00022924       0x62 src/gpio.o
 .debug_macro   0x00022986      0x14d src/gpio.o
 .debug_macro   0x00022ad3      0x287 src/gpio.o
 .debug_macro   0x00022d5a      0x225 src/gpio.o
 .debug_macro   0x00022f7f      0x1b5 src/gpio.o
 .debug_macro   0x00023134      0x2db src/gpio.o
 .debug_macro   0x0002340f       0x89 src/gpio.o
 .debug_macro   0x00023498      0x1df src/gpio.o
 .debug_macro   0x00023677      0x115 src/gpio.o
 .debug_macro   0x0002378c       0x6e src/gpio.o
 .debug_macro   0x000237fa      0x2e2 src/gpio.o
 .debug_macro   0x00023adc      0x2e2 src/gpio.o
 .debug_macro   0x00023dbe      0x202 src/gpio.o
 .debug_macro   0x00023fc0       0x34 src/gpio.o
 .debug_macro   0x00023ff4       0x90 src/gpio.o
 .debug_macro   0x00024084      0x1ed src/gpio.o
 .debug_macro   0x00024271      0x11e src/gpio.o
 .debug_macro   0x0002438f      0x1c1 src/gpio.o
 .debug_macro   0x00024550      0x51e src/main.o
 .debug_macro   0x00024a6e      0x50b src/stm32f4xx_it.o
 .debug_macro   0x00024f79      0x507 src/system_stm32f4xx.o
 .debug_macro   0x00025480      0x50a src/uart.o
 .debug_macro   0x0002598a      0x561 C:\Users\Zsolt\stm_workspace\nucleo-f446re_hal_lib\Debug\libnucleo-f446re_hal_lib.a(stm32f4xx_hal.o)
 .debug_macro   0x00025eeb      0x8bc C:\Users\Zsolt\stm_workspace\nucleo-f446re_hal_lib\Debug\libnucleo-f446re_hal_lib.a(stm32f4xx_hal.o)
 .debug_macro   0x000267a7       0x33 C:\Users\Zsolt\stm_workspace\nucleo-f446re_hal_lib\Debug\libnucleo-f446re_hal_lib.a(stm32f4xx_hal.o)
 .debug_macro   0x000267da      0x501 C:\Users\Zsolt\stm_workspace\nucleo-f446re_hal_lib\Debug\libnucleo-f446re_hal_lib.a(stm32f4xx_hal_cortex.o)
 .debug_macro   0x00026cdb      0x539 C:\Users\Zsolt\stm_workspace\nucleo-f446re_hal_lib\Debug\libnucleo-f446re_hal_lib.a(stm32f4xx_hal_gpio.o)
 .debug_macro   0x00027214      0x502 C:\Users\Zsolt\stm_workspace\nucleo-f446re_hal_lib\Debug\libnucleo-f446re_hal_lib.a(stm32f4xx_hal_uart.o)
 .debug_macro   0x00027716      0x52b C:\Users\Zsolt\stm_workspace\nucleo-f446re_hal_lib\Debug\libnucleo-f446re_hal_lib.a(stm32f4xx_hal_rcc.o)

.debug_line     0x00000000     0x881d
 .debug_line    0x00000000      0xbdc src/gpio.o
 .debug_line    0x00000bdc      0xc32 src/main.o
 .debug_line    0x0000180e      0xbc5 src/stm32f4xx_it.o
 .debug_line    0x000023d3      0xbad src/system_stm32f4xx.o
 .debug_line    0x00002f80      0xbf4 src/uart.o
 .debug_line    0x00003b74       0x7f startup/startup_stm32f446xx.o
 .debug_line    0x00003bf3      0xd3a C:\Users\Zsolt\stm_workspace\nucleo-f446re_hal_lib\Debug\libnucleo-f446re_hal_lib.a(stm32f4xx_hal.o)
 .debug_line    0x0000492d      0xe9a C:\Users\Zsolt\stm_workspace\nucleo-f446re_hal_lib\Debug\libnucleo-f446re_hal_lib.a(stm32f4xx_hal_cortex.o)
 .debug_line    0x000057c7      0xd4e C:\Users\Zsolt\stm_workspace\nucleo-f446re_hal_lib\Debug\libnucleo-f446re_hal_lib.a(stm32f4xx_hal_gpio.o)
 .debug_line    0x00006515     0x1465 C:\Users\Zsolt\stm_workspace\nucleo-f446re_hal_lib\Debug\libnucleo-f446re_hal_lib.a(stm32f4xx_hal_uart.o)
 .debug_line    0x0000797a      0xea3 C:\Users\Zsolt\stm_workspace\nucleo-f446re_hal_lib\Debug\libnucleo-f446re_hal_lib.a(stm32f4xx_hal_rcc.o)

.debug_str      0x00000000    0xef9e4
 .debug_str     0x00000000    0xeda92 src/gpio.o
                              0xedecd (size before relaxing)
 .debug_str     0x000eda92       0x25 src/main.o
                              0xede32 (size before relaxing)
 .debug_str     0x000edab7       0x38 src/stm32f4xx_it.o
                              0xed316 (size before relaxing)
 .debug_str     0x000edaef      0x1db src/system_stm32f4xx.o
                              0xed4be (size before relaxing)
 .debug_str     0x000edcca      0x40e src/uart.o
                              0xee380 (size before relaxing)
 .debug_str     0x000ee0d8      0xac8 C:\Users\Zsolt\stm_workspace\nucleo-f446re_hal_lib\Debug\libnucleo-f446re_hal_lib.a(stm32f4xx_hal.o)
                              0xedf7f (size before relaxing)
 .debug_str     0x000eeba0      0x38d C:\Users\Zsolt\stm_workspace\nucleo-f446re_hal_lib\Debug\libnucleo-f446re_hal_lib.a(stm32f4xx_hal_cortex.o)
                              0xedd65 (size before relaxing)
 .debug_str     0x000eef2d      0x216 C:\Users\Zsolt\stm_workspace\nucleo-f446re_hal_lib\Debug\libnucleo-f446re_hal_lib.a(stm32f4xx_hal_gpio.o)
                              0xed6dc (size before relaxing)
 .debug_str     0x000ef143      0x53f C:\Users\Zsolt\stm_workspace\nucleo-f446re_hal_lib\Debug\libnucleo-f446re_hal_lib.a(stm32f4xx_hal_uart.o)
                              0xedc96 (size before relaxing)
 .debug_str     0x000ef682      0x362 C:\Users\Zsolt\stm_workspace\nucleo-f446re_hal_lib\Debug\libnucleo-f446re_hal_lib.a(stm32f4xx_hal_rcc.o)
                              0xed88b (size before relaxing)

.comment        0x00000000       0x7f
 .comment       0x00000000       0x7f src/gpio.o
                                 0x80 (size before relaxing)
 .comment       0x0000007f       0x80 src/main.o
 .comment       0x0000007f       0x80 src/stm32f4xx_it.o
 .comment       0x0000007f       0x80 src/system_stm32f4xx.o
 .comment       0x0000007f       0x80 src/uart.o
 .comment       0x0000007f       0x80 C:\Users\Zsolt\stm_workspace\nucleo-f446re_hal_lib\Debug\libnucleo-f446re_hal_lib.a(stm32f4xx_hal.o)
 .comment       0x0000007f       0x80 C:\Users\Zsolt\stm_workspace\nucleo-f446re_hal_lib\Debug\libnucleo-f446re_hal_lib.a(stm32f4xx_hal_cortex.o)
 .comment       0x0000007f       0x80 C:\Users\Zsolt\stm_workspace\nucleo-f446re_hal_lib\Debug\libnucleo-f446re_hal_lib.a(stm32f4xx_hal_gpio.o)
 .comment       0x0000007f       0x80 C:\Users\Zsolt\stm_workspace\nucleo-f446re_hal_lib\Debug\libnucleo-f446re_hal_lib.a(stm32f4xx_hal_uart.o)
 .comment       0x0000007f       0x80 C:\Users\Zsolt\stm_workspace\nucleo-f446re_hal_lib\Debug\libnucleo-f446re_hal_lib.a(stm32f4xx_hal_rcc.o)

.debug_frame    0x00000000     0x1608
 .debug_frame   0x00000000       0x34 src/gpio.o
 .debug_frame   0x00000034       0x30 src/main.o
 .debug_frame   0x00000064       0x2c src/stm32f4xx_it.o
 .debug_frame   0x00000090       0x58 src/system_stm32f4xx.o
 .debug_frame   0x000000e8       0x58 src/uart.o
 .debug_frame   0x00000140      0x2e8 C:\Users\Zsolt\stm_workspace\nucleo-f446re_hal_lib\Debug\libnucleo-f446re_hal_lib.a(stm32f4xx_hal.o)
 .debug_frame   0x00000428      0x498 C:\Users\Zsolt\stm_workspace\nucleo-f446re_hal_lib\Debug\libnucleo-f446re_hal_lib.a(stm32f4xx_hal_cortex.o)
 .debug_frame   0x000008c0      0x14c C:\Users\Zsolt\stm_workspace\nucleo-f446re_hal_lib\Debug\libnucleo-f446re_hal_lib.a(stm32f4xx_hal_gpio.o)
 .debug_frame   0x00000a0c      0x83c C:\Users\Zsolt\stm_workspace\nucleo-f446re_hal_lib\Debug\libnucleo-f446re_hal_lib.a(stm32f4xx_hal_uart.o)
 .debug_frame   0x00001248      0x200 C:\Users\Zsolt\stm_workspace\nucleo-f446re_hal_lib\Debug\libnucleo-f446re_hal_lib.a(stm32f4xx_hal_rcc.o)
 .debug_frame   0x00001448       0x2c c:/ac6/systemworkbench/plugins/fr.ac6.mcu.externaltools.arm-none.win32_1.15.0.201708311556/tools/compiler/bin/../lib/gcc/arm-none-eabi/6.3.1/../../../../arm-none-eabi/lib/thumb/v7e-m/fpv4-sp/hard\libc.a(lib_a-init.o)
 .debug_frame   0x00001474       0x5c c:/ac6/systemworkbench/plugins/fr.ac6.mcu.externaltools.arm-none.win32_1.15.0.201708311556/tools/compiler/bin/../lib/gcc/arm-none-eabi/6.3.1/../../../../arm-none-eabi/lib/thumb/v7e-m/fpv4-sp/hard\libc.a(lib_a-__call_atexit.o)
 .debug_frame   0x000014d0       0x20 c:/ac6/systemworkbench/plugins/fr.ac6.mcu.externaltools.arm-none.win32_1.15.0.201708311556/tools/compiler/bin/../lib/gcc/arm-none-eabi/6.3.1/../../../../arm-none-eabi/lib/thumb/v7e-m/fpv4-sp/hard\libc.a(lib_a-atexit.o)
 .debug_frame   0x000014f0       0x34 c:/ac6/systemworkbench/plugins/fr.ac6.mcu.externaltools.arm-none.win32_1.15.0.201708311556/tools/compiler/bin/../lib/gcc/arm-none-eabi/6.3.1/../../../../arm-none-eabi/lib/thumb/v7e-m/fpv4-sp/hard\libc.a(lib_a-fini.o)
 .debug_frame   0x00001524       0xb0 c:/ac6/systemworkbench/plugins/fr.ac6.mcu.externaltools.arm-none.win32_1.15.0.201708311556/tools/compiler/bin/../lib/gcc/arm-none-eabi/6.3.1/../../../../arm-none-eabi/lib/thumb/v7e-m/fpv4-sp/hard\libc.a(lib_a-lock.o)
 .debug_frame   0x000015d4       0x34 c:/ac6/systemworkbench/plugins/fr.ac6.mcu.externaltools.arm-none.win32_1.15.0.201708311556/tools/compiler/bin/../lib/gcc/arm-none-eabi/6.3.1/../../../../arm-none-eabi/lib/thumb/v7e-m/fpv4-sp/hard\libc.a(lib_a-__atexit.o)
