Archive member included to satisfy reference by file (symbol)

C:\Users\Zsolt\stm_workspace\nucleo-f446re_hal_lib\Debug\libnucleo-f446re_hal_lib.a(stm32f4xx_hal.o)
                              src/main.o (HAL_Init)
C:\Users\Zsolt\stm_workspace\nucleo-f446re_hal_lib\Debug\libnucleo-f446re_hal_lib.a(stm32f4xx_hal_cortex.o)
                              C:\Users\Zsolt\stm_workspace\nucleo-f446re_hal_lib\Debug\libnucleo-f446re_hal_lib.a(stm32f4xx_hal.o) (HAL_NVIC_SetPriorityGrouping)
C:\Users\Zsolt\stm_workspace\nucleo-f446re_hal_lib\Debug\libnucleo-f446re_hal_lib.a(stm32f4xx_hal_gpio.o)
                              src/gpio.o (HAL_GPIO_Init)
C:\Users\Zsolt\stm_workspace\nucleo-f446re_hal_lib\Debug\libnucleo-f446re_hal_lib.a(stm32f4xx_hal_spi.o)
                              src/spi.o (HAL_SPI_Init)
C:\Users\Zsolt\stm_workspace\nucleo-f446re_hal_lib\Debug\libnucleo-f446re_hal_lib.a(stm32f4xx_hal_uart.o)
                              src/uart.o (HAL_UART_Init)
C:\Users\Zsolt\stm_workspace\nucleo-f446re_hal_lib\Debug\libnucleo-f446re_hal_lib.a(stm32f4xx_hal_dma.o)
                              C:\Users\Zsolt\stm_workspace\nucleo-f446re_hal_lib\Debug\libnucleo-f446re_hal_lib.a(stm32f4xx_hal_spi.o) (HAL_DMA_Start_IT)
C:\Users\Zsolt\stm_workspace\nucleo-f446re_hal_lib\Debug\libnucleo-f446re_hal_lib.a(stm32f4xx_hal_rcc.o)
                              C:\Users\Zsolt\stm_workspace\nucleo-f446re_hal_lib\Debug\libnucleo-f446re_hal_lib.a(stm32f4xx_hal_uart.o) (HAL_RCC_GetPCLK1Freq)
c:/ac6/systemworkbench/plugins/fr.ac6.mcu.externaltools.arm-none.win32_1.15.0.201708311556/tools/compiler/bin/../lib/gcc/arm-none-eabi/6.3.1/../../../../arm-none-eabi/lib/thumb/v7e-m/fpv4-sp/hard\libc.a(lib_a-errno.o)
                              src/syscalls.o (__errno)
c:/ac6/systemworkbench/plugins/fr.ac6.mcu.externaltools.arm-none.win32_1.15.0.201708311556/tools/compiler/bin/../lib/gcc/arm-none-eabi/6.3.1/../../../../arm-none-eabi/lib/thumb/v7e-m/fpv4-sp/hard\libc.a(lib_a-exit.o)
                              c:/ac6/systemworkbench/plugins/fr.ac6.mcu.externaltools.arm-none.win32_1.15.0.201708311556/tools/compiler/bin/../lib/gcc/arm-none-eabi/6.3.1/../../../../arm-none-eabi/lib/thumb/v7e-m/fpv4-sp/hard/crt0.o (exit)
c:/ac6/systemworkbench/plugins/fr.ac6.mcu.externaltools.arm-none.win32_1.15.0.201708311556/tools/compiler/bin/../lib/gcc/arm-none-eabi/6.3.1/../../../../arm-none-eabi/lib/thumb/v7e-m/fpv4-sp/hard\libc.a(lib_a-impure.o)
                              c:/ac6/systemworkbench/plugins/fr.ac6.mcu.externaltools.arm-none.win32_1.15.0.201708311556/tools/compiler/bin/../lib/gcc/arm-none-eabi/6.3.1/../../../../arm-none-eabi/lib/thumb/v7e-m/fpv4-sp/hard\libc.a(lib_a-exit.o) (_global_impure_ptr)
c:/ac6/systemworkbench/plugins/fr.ac6.mcu.externaltools.arm-none.win32_1.15.0.201708311556/tools/compiler/bin/../lib/gcc/arm-none-eabi/6.3.1/../../../../arm-none-eabi/lib/thumb/v7e-m/fpv4-sp/hard\libc.a(lib_a-init.o)
                              c:/ac6/systemworkbench/plugins/fr.ac6.mcu.externaltools.arm-none.win32_1.15.0.201708311556/tools/compiler/bin/../lib/gcc/arm-none-eabi/6.3.1/../../../../arm-none-eabi/lib/thumb/v7e-m/fpv4-sp/hard/crt0.o (__libc_init_array)
c:/ac6/systemworkbench/plugins/fr.ac6.mcu.externaltools.arm-none.win32_1.15.0.201708311556/tools/compiler/bin/../lib/gcc/arm-none-eabi/6.3.1/../../../../arm-none-eabi/lib/thumb/v7e-m/fpv4-sp/hard\libc.a(lib_a-memset.o)
                              c:/ac6/systemworkbench/plugins/fr.ac6.mcu.externaltools.arm-none.win32_1.15.0.201708311556/tools/compiler/bin/../lib/gcc/arm-none-eabi/6.3.1/../../../../arm-none-eabi/lib/thumb/v7e-m/fpv4-sp/hard/crt0.o (memset)
c:/ac6/systemworkbench/plugins/fr.ac6.mcu.externaltools.arm-none.win32_1.15.0.201708311556/tools/compiler/bin/../lib/gcc/arm-none-eabi/6.3.1/../../../../arm-none-eabi/lib/thumb/v7e-m/fpv4-sp/hard\libc.a(lib_a-snprintf.o)
                              src/main.o (snprintf)
c:/ac6/systemworkbench/plugins/fr.ac6.mcu.externaltools.arm-none.win32_1.15.0.201708311556/tools/compiler/bin/../lib/gcc/arm-none-eabi/6.3.1/../../../../arm-none-eabi/lib/thumb/v7e-m/fpv4-sp/hard\libc.a(lib_a-svfprintf.o)
                              c:/ac6/systemworkbench/plugins/fr.ac6.mcu.externaltools.arm-none.win32_1.15.0.201708311556/tools/compiler/bin/../lib/gcc/arm-none-eabi/6.3.1/../../../../arm-none-eabi/lib/thumb/v7e-m/fpv4-sp/hard\libc.a(lib_a-snprintf.o) (_svfprintf_r)
c:/ac6/systemworkbench/plugins/fr.ac6.mcu.externaltools.arm-none.win32_1.15.0.201708311556/tools/compiler/bin/../lib/gcc/arm-none-eabi/6.3.1/../../../../arm-none-eabi/lib/thumb/v7e-m/fpv4-sp/hard\libc.a(lib_a-__call_atexit.o)
                              c:/ac6/systemworkbench/plugins/fr.ac6.mcu.externaltools.arm-none.win32_1.15.0.201708311556/tools/compiler/bin/../lib/gcc/arm-none-eabi/6.3.1/../../../../arm-none-eabi/lib/thumb/v7e-m/fpv4-sp/hard\libc.a(lib_a-exit.o) (__call_exitprocs)
[...]
Memory Configuration

Name             Origin             Length             Attributes
FLASH            0x08000000         0x00080000         xr
RAM              0x20000000         0x00020000         xrw
*default*        0x00000000         0xffffffff

Linker script and memory map

LOAD c:/ac6/systemworkbench/plugins/fr.ac6.mcu.externaltools.arm-none.win32_1.15.0.201708311556/tools/compiler/bin/../lib/gcc/arm-none-eabi/6.3.1/thumb/v7e-m/fpv4-sp/hard/crti.o
LOAD c:/ac6/systemworkbench/plugins/fr.ac6.mcu.externaltools.arm-none.win32_1.15.0.201708311556/tools/compiler/bin/../lib/gcc/arm-none-eabi/6.3.1/thumb/v7e-m/fpv4-sp/hard/crtbegin.o
LOAD c:/ac6/systemworkbench/plugins/fr.ac6.mcu.externaltools.arm-none.win32_1.15.0.201708311556/tools/compiler/bin/../lib/gcc/arm-none-eabi/6.3.1/../../../../arm-none-eabi/lib/thumb/v7e-m/fpv4-sp/hard/crt0.o
LOAD src/gpio.o
LOAD src/main.o
LOAD src/spi.o
LOAD src/stm32f4xx_it.o
LOAD src/syscalls.o
LOAD src/system_stm32f4xx.o
LOAD src/uart.o
LOAD startup/startup_stm32f446xx.o
LOAD C:\Users\Zsolt\stm_workspace\nucleo-f446re_hal_lib\Debug\libnucleo-f446re_hal_lib.a
LOAD c:/ac6/systemworkbench/plugins/fr.ac6.mcu.externaltools.arm-none.win32_1.15.0.201708311556/tools/compiler/bin/../lib/gcc/arm-none-eabi/6.3.1/../../../../arm-none-eabi/lib/thumb/v7e-m/fpv4-sp/hard\libm.a
START GROUP
LOAD c:/ac6/systemworkbench/plugins/fr.ac6.mcu.externaltools.arm-none.win32_1.15.0.201708311556/tools/compiler/bin/../lib/gcc/arm-none-eabi/6.3.1/thumb/v7e-m/fpv4-sp/hard\libgcc.a
LOAD c:/ac6/systemworkbench/plugins/fr.ac6.mcu.externaltools.arm-none.win32_1.15.0.201708311556/tools/compiler/bin/../lib/gcc/arm-none-eabi/6.3.1/../../../../arm-none-eabi/lib/thumb/v7e-m/fpv4-sp/hard\libc.a
END GROUP
LOAD c:/ac6/systemworkbench/plugins/fr.ac6.mcu.externaltools.arm-none.win32_1.15.0.201708311556/tools/compiler/bin/../lib/gcc/arm-none-eabi/6.3.1/thumb/v7e-m/fpv4-sp/hard/crtend.o
LOAD c:/ac6/systemworkbench/plugins/fr.ac6.mcu.externaltools.arm-none.win32_1.15.0.201708311556/tools/compiler/bin/../lib/gcc/arm-none-eabi/6.3.1/thumb/v7e-m/fpv4-sp/hard/crtn.o
                0x20020000                _estack = 0x20020000
                0x00000200                _Min_Heap_Size = 0x200
                0x00000400                _Min_Stack_Size = 0x400

.isr_vector     0x08000000      0x1c4
                0x08000000                . = ALIGN (0x4)
 *(.isr_vector)
 .isr_vector    0x08000000      0x1c4 startup/startup_stm32f446xx.o
                0x08000000                g_pfnVectors
                0x080001c4                . = ALIGN (0x4)

.text           0x08000200     0x62b8
                0x08000200                . = ALIGN (0x4)
 *(.text)
 .text          0x08000200       0x6c c:/ac6/systemworkbench/plugins/fr.ac6.mcu.externaltools.arm-none.win32_1.15.0.201708311556/tools/compiler/bin/../lib/gcc/arm-none-eabi/6.3.1/thumb/v7e-m/fpv4-sp/hard/crtbegin.o
 *fill*         0x0800026c        0x4 
 .text          0x08000270       0xa0 c:/ac6/systemworkbench/plugins/fr.ac6.mcu.externaltools.arm-none.win32_1.15.0.201708311556/tools/compiler/bin/../lib/gcc/arm-none-eabi/6.3.1/../../../../arm-none-eabi/lib/thumb/v7e-m/fpv4-sp/hard\libc.a(lib_a-memchr.o)
                0x08000270                memchr
 .text          0x08000310      0x134 c:/ac6/systemworkbench/plugins/fr.ac6.mcu.externaltools.arm-none.win32_1.15.0.201708311556/tools/compiler/bin/../lib/gcc/arm-none-eabi/6.3.1/../../../../arm-none-eabi/lib/thumb/v7e-m/fpv4-sp/hard\libc.a(lib_a-memcpy.o)
                0x08000310                memcpy
 *fill*         0x08000444       0x3c 
 .text          0x08000480       0xdc c:/ac6/systemworkbench/plugins/fr.ac6.mcu.externaltools.arm-none.win32_1.15.0.201708311556/tools/compiler/bin/../lib/gcc/arm-none-eabi/6.3.1/../../../../arm-none-eabi/lib/thumb/v7e-m/fpv4-sp/hard\libc.a(lib_a-strlen.o)
                0x08000480                strlen
 .text          0x0800055c      0x370 c:/ac6/systemworkbench/plugins/fr.ac6.mcu.externaltools.arm-none.win32_1.15.0.201708311556/tools/compiler/bin/../lib/gcc/arm-none-eabi/6.3.1/thumb/v7e-m/fpv4-sp/hard\libgcc.a(_arm_addsubdf3.o)
                0x0800055c                __aeabi_drsub
                0x08000564                __aeabi_dsub
                0x08000564                __subdf3
                0x08000568                __aeabi_dadd
                0x08000568                __adddf3
                0x080007e0                __floatunsidf
                0x080007e0                __aeabi_ui2d
                0x08000800                __floatsidf
                0x08000800                __aeabi_i2d
                0x08000824                __aeabi_f2d
                0x08000824                __extendsfdf2
                0x08000860                __floatundidf
                0x08000860                __aeabi_ul2d
                0x08000870                __floatdidf
                0x08000870                __aeabi_l2d
 .text          0x080008cc      0x424 c:/ac6/systemworkbench/plugins/fr.ac6.mcu.externaltools.arm-none.win32_1.15.0.201708311556/tools/compiler/bin/../lib/gcc/arm-none-eabi/6.3.1/thumb/v7e-m/fpv4-sp/hard\libgcc.a(_arm_muldivdf3.o)
                0x080008cc                __aeabi_dmul
                0x080008cc                __muldf3
                0x08000b20                __divdf3
                0x08000b20                __aeabi_ddiv
 .text          0x08000cf0      0x110 c:/ac6/systemworkbench/plugins/fr.ac6.mcu.externaltools.arm-none.win32_1.15.0.201708311556/tools/compiler/bin/../lib/gcc/arm-none-eabi/6.3.1/thumb/v7e-m/fpv4-sp/hard\libgcc.a(_arm_cmpdf2.o)
                0x08000cf0                __gtdf2
                0x08000cf0                __gedf2
                0x08000cf8                __ltdf2
                0x08000cf8                __ledf2
                0x08000d00                __nedf2
                0x08000d00                __eqdf2
                0x08000d00                __cmpdf2
                0x08000d7c                __aeabi_cdrcmple
                0x08000d8c                __aeabi_cdcmpeq
                0x08000d8c                __aeabi_cdcmple
                0x08000d9c                __aeabi_dcmpeq
                0x08000db0                __aeabi_dcmplt
                0x08000dc4                __aeabi_dcmple
                0x08000dd8                __aeabi_dcmpge
                0x08000dec                __aeabi_dcmpgt
 .text          0x08000e00       0x2c c:/ac6/systemworkbench/plugins/fr.ac6.mcu.externaltools.arm-none.win32_1.15.0.201708311556/tools/compiler/bin/../lib/gcc/arm-none-eabi/6.3.1/thumb/v7e-m/fpv4-sp/hard\libgcc.a(_arm_unorddf2.o)
                0x08000e00                __unorddf2
                0x08000e00                __aeabi_dcmpun
 .text          0x08000e2c       0x50 c:/ac6/systemworkbench/plugins/fr.ac6.mcu.externaltools.arm-none.win32_1.15.0.201708311556/tools/compiler/bin/../lib/gcc/arm-none-eabi/6.3.1/thumb/v7e-m/fpv4-sp/hard\libgcc.a(_arm_fixdfsi.o)
                0x08000e2c                __aeabi_d2iz
                0x08000e2c                __fixdfsi
 .text          0x08000e7c       0x30 c:/ac6/systemworkbench/plugins/fr.ac6.mcu.externaltools.arm-none.win32_1.15.0.201708311556/tools/compiler/bin/../lib/gcc/arm-none-eabi/6.3.1/thumb/v7e-m/fpv4-sp/hard\libgcc.a(_aeabi_uldivmod.o)
                0x08000e7c                __aeabi_uldivmod
 .text          0x08000eac      0x2dc c:/ac6/systemworkbench/plugins/fr.ac6.mcu.externaltools.arm-none.win32_1.15.0.201708311556/tools/compiler/bin/../lib/gcc/arm-none-eabi/6.3.1/thumb/v7e-m/fpv4-sp/hard\libgcc.a(_udivmoddi4.o)
                0x08000eac                __udivmoddi4
 .text          0x08001188        0x4 c:/ac6/systemworkbench/plugins/fr.ac6.mcu.externaltools.arm-none.win32_1.15.0.201708311556/tools/compiler/bin/../lib/gcc/arm-none-eabi/6.3.1/thumb/v7e-m/fpv4-sp/hard\libgcc.a(_dvmd_tls.o)
                0x08001188                __aeabi_idiv0
                0x08001188                __aeabi_ldiv0
 *(.text*)
 .text.InitGPIO
                0x0800118c      0x100 src/gpio.o
                0x0800118c                InitGPIO
 .text.main     0x0800128c      0x118 src/main.o
                0x0800128c                main
 .text.InitSpi  0x080013a4       0xb4 src/spi.o
                0x080013a4                InitSpi
 .text.readTcrtSensor
                0x08001458       0x5c src/spi.o
                0x08001458                readTcrtSensor
 .text.SysTick_Handler
                0x080014b4       0x10 src/stm32f4xx_it.o
                0x080014b4                SysTick_Handler
 .text._sbrk    0x080014c4       0x58 src/syscalls.o
                0x080014c4                _sbrk
 .text.SystemInit
                0x0800151c       0x6c src/system_stm32f4xx.o
                0x0800151c                SystemInit
 .text.InitUart
                0x08001588       0x70 src/uart.o
                0x08001588                InitUart
 .text.SendOverBluetooth
                0x080015f8       0x2c src/uart.o
                0x080015f8                SendOverBluetooth
 .text.Reset_Handler
                0x08001624       0x50 startup/startup_stm32f446xx.o
                0x08001624                Reset_Handler
 .text.Default_Handler
                0x08001674        0x2 startup/startup_stm32f446xx.o
                0x08001674                RTC_Alarm_IRQHandler
                0x08001674                EXTI2_IRQHandler
                0x08001674                TIM8_CC_IRQHandler
                0x08001674                DebugMon_Handler
                0x08001674                SPI4_IRQHandler
                0x08001674                TIM1_CC_IRQHandler
                0x08001674                DMA2_Stream5_IRQHandler
                0x08001674                HardFault_Handler
                0x08001674                DMA1_Stream5_IRQHandler
                0x08001674                PVD_IRQHandler
                0x08001674                SDIO_IRQHandler
                0x08001674                TAMP_STAMP_IRQHandler
                0x08001674                PendSV_Handler
                0x08001674                NMI_Handler
                0x08001674                CAN2_RX1_IRQHandler
                0x08001674                EXTI3_IRQHandler
                0x08001674                TIM8_TRG_COM_TIM14_IRQHandler
                0x08001674                TIM1_UP_TIM10_IRQHandler
                0x08001674                TIM8_UP_TIM13_IRQHandler
                0x08001674                I2C3_ER_IRQHandler
                0x08001674                FMPI2C1_Event_IRQHandler
                0x08001674                EXTI0_IRQHandler
                0x08001674                I2C2_EV_IRQHandler
                0x08001674                DMA1_Stream2_IRQHandler
                0x08001674                CAN1_RX0_IRQHandler
                0x08001674                FPU_IRQHandler
                0x08001674                OTG_HS_WKUP_IRQHandler
                0x08001674                UsageFault_Handler
                0x08001674                CAN2_SCE_IRQHandler
                0x08001674                DMA2_Stream2_IRQHandler
                0x08001674                SPI1_IRQHandler
                0x08001674                TIM6_DAC_IRQHandler
                0x08001674                TIM1_BRK_TIM9_IRQHandler
                0x08001674                DCMI_IRQHandler
                0x08001674                CAN2_RX0_IRQHandler
                0x08001674                DMA2_Stream3_IRQHandler
                0x08001674                SAI2_IRQHandler
                0x08001674                USART6_IRQHandler
                0x08001674                USART3_IRQHandler
                0x08001674                CAN1_RX1_IRQHandler
                0x08001674                UART5_IRQHandler
                0x08001674                DMA2_Stream0_IRQHandler
                0x08001674                TIM4_IRQHandler
                0x08001674                QUADSPI_IRQHandler
                0x08001674                I2C1_EV_IRQHandler
                0x08001674                DMA1_Stream6_IRQHandler
                0x08001674                DMA1_Stream1_IRQHandler
                0x08001674                UART4_IRQHandler
                0x08001674                TIM3_IRQHandler
                0x08001674                RCC_IRQHandler
                0x08001674                TIM8_BRK_TIM12_IRQHandler
                0x08001674                Default_Handler
                0x08001674                CEC_IRQHandler
                0x08001674                EXTI15_10_IRQHandler
                0x08001674                ADC_IRQHandler
                0x08001674                DMA1_Stream7_IRQHandler
                0x08001674                TIM7_IRQHandler
                0x08001674                CAN2_TX_IRQHandler
                0x08001674                TIM5_IRQHandler
                0x08001674                DMA2_Stream7_IRQHandler
                0x08001674                I2C3_EV_IRQHandler
                0x08001674                EXTI9_5_IRQHandler
                0x08001674                RTC_WKUP_IRQHandler
                0x08001674                SPDIF_RX_IRQHandler
                0x08001674                SPI2_IRQHandler
                0x08001674                OTG_HS_EP1_IN_IRQHandler
                0x08001674                MemManage_Handler
                0x08001674                DMA1_Stream0_IRQHandler
                0x08001674                CAN1_TX_IRQHandler
                0x08001674                SVC_Handler
                0x08001674                EXTI4_IRQHandler
                0x08001674                OTG_HS_EP1_OUT_IRQHandler
                0x08001674                WWDG_IRQHandler
                0x08001674                TIM2_IRQHandler
                0x08001674                OTG_FS_WKUP_IRQHandler
                0x08001674                TIM1_TRG_COM_TIM11_IRQHandler
                0x08001674                OTG_HS_IRQHandler
                0x08001674                EXTI1_IRQHandler
                0x08001674                USART2_IRQHandler
                0x08001674                I2C2_ER_IRQHandler
                0x08001674                DMA2_Stream1_IRQHandler
                0x08001674                CAN1_SCE_IRQHandler
                0x08001674                FLASH_IRQHandler
                0x08001674                DMA2_Stream4_IRQHandler
                0x08001674                BusFault_Handler
                0x08001674                USART1_IRQHandler
                0x08001674                OTG_FS_IRQHandler
                0x08001674                SPI3_IRQHandler
                0x08001674                DMA1_Stream4_IRQHandler
                0x08001674                I2C1_ER_IRQHandler
                0x08001674                FMC_IRQHandler
                0x08001674                DMA2_Stream6_IRQHandler
                0x08001674                SAI1_IRQHandler
                0x08001674                DMA1_Stream3_IRQHandler
                0x08001674                FMPI2C1_Error_IRQHandler
 *fill*         0x08001676        0x2 
 .text.HAL_Init
                0x08001678       0x44 C:\Users\Zsolt\stm_workspace\nucleo-f446re_hal_lib\Debug\libnucleo-f446re_hal_lib.a(stm32f4xx_hal.o)
                0x08001678                HAL_Init
 .text.HAL_MspInit
                0x080016bc        0xe C:\Users\Zsolt\stm_workspace\nucleo-f446re_hal_lib\Debug\libnucleo-f446re_hal_lib.a(stm32f4xx_hal.o)
                0x080016bc                HAL_MspInit
 *fill*         0x080016ca        0x2 
 .text.HAL_InitTick
                0x080016cc       0x38 C:\Users\Zsolt\stm_workspace\nucleo-f446re_hal_lib\Debug\libnucleo-f446re_hal_lib.a(stm32f4xx_hal.o)
                0x080016cc                HAL_InitTick
 .text.HAL_IncTick
                0x08001704       0x1c C:\Users\Zsolt\stm_workspace\nucleo-f446re_hal_lib\Debug\libnucleo-f446re_hal_lib.a(stm32f4xx_hal.o)
                0x08001704                HAL_IncTick
 .text.HAL_GetTick
                0x08001720       0x18 C:\Users\Zsolt\stm_workspace\nucleo-f446re_hal_lib\Debug\libnucleo-f446re_hal_lib.a(stm32f4xx_hal.o)
                0x08001720                HAL_GetTick
 .text.HAL_Delay
                0x08001738       0x3a C:\Users\Zsolt\stm_workspace\nucleo-f446re_hal_lib\Debug\libnucleo-f446re_hal_lib.a(stm32f4xx_hal.o)
                0x08001738                HAL_Delay
 *fill*         0x08001772        0x2 
 .text.NVIC_SetPriorityGrouping
                0x08001774       0x48 C:\Users\Zsolt\stm_workspace\nucleo-f446re_hal_lib\Debug\libnucleo-f446re_hal_lib.a(stm32f4xx_hal_cortex.o)
 .text.NVIC_GetPriorityGrouping
                0x080017bc       0x1c C:\Users\Zsolt\stm_workspace\nucleo-f446re_hal_lib\Debug\libnucleo-f446re_hal_lib.a(stm32f4xx_hal_cortex.o)
 .text.NVIC_SetPriority
                0x080017d8       0x54 C:\Users\Zsolt\stm_workspace\nucleo-f446re_hal_lib\Debug\libnucleo-f446re_hal_lib.a(stm32f4xx_hal_cortex.o)
 .text.NVIC_EncodePriority
                0x0800182c       0x62 C:\Users\Zsolt\stm_workspace\nucleo-f446re_hal_lib\Debug\libnucleo-f446re_hal_lib.a(stm32f4xx_hal_cortex.o)
 *fill*         0x0800188e        0x2 
 .text.SysTick_Config
                0x08001890       0x44 C:\Users\Zsolt\stm_workspace\nucleo-f446re_hal_lib\Debug\libnucleo-f446re_hal_lib.a(stm32f4xx_hal_cortex.o)
 .text.HAL_NVIC_SetPriorityGrouping
                0x080018d4       0x16 C:\Users\Zsolt\stm_workspace\nucleo-f446re_hal_lib\Debug\libnucleo-f446re_hal_lib.a(stm32f4xx_hal_cortex.o)
                0x080018d4                HAL_NVIC_SetPriorityGrouping
 .text.HAL_NVIC_SetPriority
                0x080018ea       0x38 C:\Users\Zsolt\stm_workspace\nucleo-f446re_hal_lib\Debug\libnucleo-f446re_hal_lib.a(stm32f4xx_hal_cortex.o)
                0x080018ea                HAL_NVIC_SetPriority
 .text.HAL_SYSTICK_Config
                0x08001922       0x18 C:\Users\Zsolt\stm_workspace\nucleo-f446re_hal_lib\Debug\libnucleo-f446re_hal_lib.a(stm32f4xx_hal_cortex.o)
                0x08001922                HAL_SYSTICK_Config
 .text.HAL_SYSTICK_IRQHandler
                0x0800193a        0xc C:\Users\Zsolt\stm_workspace\nucleo-f446re_hal_lib\Debug\libnucleo-f446re_hal_lib.a(stm32f4xx_hal_cortex.o)
                0x0800193a                HAL_SYSTICK_IRQHandler
 .text.HAL_SYSTICK_Callback
                0x08001946        0xe C:\Users\Zsolt\stm_workspace\nucleo-f446re_hal_lib\Debug\libnucleo-f446re_hal_lib.a(stm32f4xx_hal_cortex.o)
                0x08001946                HAL_SYSTICK_Callback
 .text.HAL_GPIO_Init
                0x08001954      0x324 C:\Users\Zsolt\stm_workspace\nucleo-f446re_hal_lib\Debug\libnucleo-f446re_hal_lib.a(stm32f4xx_hal_gpio.o)
                0x08001954                HAL_GPIO_Init
 .text.HAL_GPIO_WritePin
                0x08001c78       0x32 C:\Users\Zsolt\stm_workspace\nucleo-f446re_hal_lib\Debug\libnucleo-f446re_hal_lib.a(stm32f4xx_hal_gpio.o)
                0x08001c78                HAL_GPIO_WritePin
 .text.HAL_SPI_Init
                0x08001caa       0xd4 C:\Users\Zsolt\stm_workspace\nucleo-f446re_hal_lib\Debug\libnucleo-f446re_hal_lib.a(stm32f4xx_hal_spi.o)
                0x08001caa                HAL_SPI_Init
 .text.HAL_SPI_MspInit
                0x08001d7e       0x14 C:\Users\Zsolt\stm_workspace\nucleo-f446re_hal_lib\Debug\libnucleo-f446re_hal_lib.a(stm32f4xx_hal_spi.o)
                0x08001d7e                HAL_SPI_MspInit
 .text.HAL_SPI_TransmitReceive
                0x08001d92      0x422 C:\Users\Zsolt\stm_workspace\nucleo-f446re_hal_lib\Debug\libnucleo-f446re_hal_lib.a(stm32f4xx_hal_spi.o)
                0x08001d92                HAL_SPI_TransmitReceive
 .text.SPI_WaitFlagStateUntilTimeout
                0x080021b4       0xd2 C:\Users\Zsolt\stm_workspace\nucleo-f446re_hal_lib\Debug\libnucleo-f446re_hal_lib.a(stm32f4xx_hal_spi.o)
 .text.SPI_CheckFlag_BSY
                0x08002286       0x3c C:\Users\Zsolt\stm_workspace\nucleo-f446re_hal_lib\Debug\libnucleo-f446re_hal_lib.a(stm32f4xx_hal_spi.o)
 .text.HAL_UART_Init
                0x080022c2       0x9a C:\Users\Zsolt\stm_workspace\nucleo-f446re_hal_lib\Debug\libnucleo-f446re_hal_lib.a(stm32f4xx_hal_uart.o)
                0x080022c2                HAL_UART_Init
 .text.HAL_UART_MspInit
                0x0800235c       0x14 C:\Users\Zsolt\stm_workspace\nucleo-f446re_hal_lib\Debug\libnucleo-f446re_hal_lib.a(stm32f4xx_hal_uart.o)
                0x0800235c                HAL_UART_MspInit
 .text.HAL_UART_Transmit
                0x08002370      0x130 C:\Users\Zsolt\stm_workspace\nucleo-f446re_hal_lib\Debug\libnucleo-f446re_hal_lib.a(stm32f4xx_hal_uart.o)
                0x08002370                HAL_UART_Transmit
 .text.UART_WaitOnFlagUntilTimeout
                0x080024a0       0x94 C:\Users\Zsolt\stm_workspace\nucleo-f446re_hal_lib\Debug\libnucleo-f446re_hal_lib.a(stm32f4xx_hal_uart.o)
 .text.UART_SetConfig
                0x08002534      0x438 C:\Users\Zsolt\stm_workspace\nucleo-f446re_hal_lib\Debug\libnucleo-f446re_hal_lib.a(stm32f4xx_hal_uart.o)
 .text.HAL_RCC_GetHCLKFreq
                0x0800296c       0x18 C:\Users\Zsolt\stm_workspace\nucleo-f446re_hal_lib\Debug\libnucleo-f446re_hal_lib.a(stm32f4xx_hal_rcc.o)
                0x0800296c                HAL_RCC_GetHCLKFreq
 .text.HAL_RCC_GetPCLK1Freq
                0x08002984       0x44 C:\Users\Zsolt\stm_workspace\nucleo-f446re_hal_lib\Debug\libnucleo-f446re_hal_lib.a(stm32f4xx_hal_rcc.o)
                0x08002984                HAL_RCC_GetPCLK1Freq
 .text.HAL_RCC_GetPCLK2Freq
                0x080029c8       0x44 C:\Users\Zsolt\stm_workspace\nucleo-f446re_hal_lib\Debug\libnucleo-f446re_hal_lib.a(stm32f4xx_hal_rcc.o)
                0x080029c8                HAL_RCC_GetPCLK2Freq
 .text.__errno  0x08002a0c        0xc c:/ac6/systemworkbench/plugins/fr.ac6.mcu.externaltools.arm-none.win32_1.15.0.201708311556/tools/compiler/bin/../lib/gcc/arm-none-eabi/6.3.1/../../../../arm-none-eabi/lib/thumb/v7e-m/fpv4-sp/hard\libc.a(lib_a-errno.o)
                0x08002a0c                __errno
 .text.__libc_init_array
                0x08002a18       0x50 c:/ac6/systemworkbench/plugins/fr.ac6.mcu.externaltools.arm-none.win32_1.15.0.201708311556/tools/compiler/bin/../lib/gcc/arm-none-eabi/6.3.1/../../../../arm-none-eabi/lib/thumb/v7e-m/fpv4-sp/hard\libc.a(lib_a-init.o)
                0x08002a18                __libc_init_array
 .text.memset   0x08002a68       0x9c c:/ac6/systemworkbench/plugins/fr.ac6.mcu.externaltools.arm-none.win32_1.15.0.201708311556/tools/compiler/bin/../lib/gcc/arm-none-eabi/6.3.1/../../../../arm-none-eabi/lib/thumb/v7e-m/fpv4-sp/hard\libc.a(lib_a-memset.o)
                0x08002a68                memset
 .text.snprintf
                0x08002b04       0x98 c:/ac6/systemworkbench/plugins/fr.ac6.mcu.externaltools.arm-none.win32_1.15.0.201708311556/tools/compiler/bin/../lib/gcc/arm-none-eabi/6.3.1/../../../../arm-none-eabi/lib/thumb/v7e-m/fpv4-sp/hard\libc.a(lib_a-snprintf.o)
                0x08002b04                snprintf
 *fill*         0x08002b9c        0x4 
 .text._svfprintf_r
                0x08002ba0     0x1494 c:/ac6/systemworkbench/plugins/fr.ac6.mcu.externaltools.arm-none.win32_1.15.0.201708311556/tools/compiler/bin/../lib/gcc/arm-none-eabi/6.3.1/../../../../arm-none-eabi/lib/thumb/v7e-m/fpv4-sp/hard\libc.a(lib_a-svfprintf.o)
                0x08002ba0                _svfprintf_r
 .text.startup.register_fini
                0x08004034       0x14 c:/ac6/systemworkbench/plugins/fr.ac6.mcu.externaltools.arm-none.win32_1.15.0.201708311556/tools/compiler/bin/../lib/gcc/arm-none-eabi/6.3.1/../../../../arm-none-eabi/lib/thumb/v7e-m/fpv4-sp/hard\libc.a(lib_a-__call_atexit.o)
 .text.atexit   0x08004048        0xc c:/ac6/systemworkbench/plugins/fr.ac6.mcu.externaltools.arm-none.win32_1.15.0.201708311556/tools/compiler/bin/../lib/gcc/arm-none-eabi/6.3.1/../../../../arm-none-eabi/lib/thumb/v7e-m/fpv4-sp/hard\libc.a(lib_a-atexit.o)
                0x08004048                atexit
 .text.quorem   0x08004054      0x128 c:/ac6/systemworkbench/plugins/fr.ac6.mcu.externaltools.arm-none.win32_1.15.0.201708311556/tools/compiler/bin/../lib/gcc/arm-none-eabi/6.3.1/../../../../arm-none-eabi/lib/thumb/v7e-m/fpv4-sp/hard\libc.a(lib_a-dtoa.o)
 *fill*         0x0800417c        0x4 
 .text._dtoa_r  0x08004180      0xe4c c:/ac6/systemworkbench/plugins/fr.ac6.mcu.externaltools.arm-none.win32_1.15.0.201708311556/tools/compiler/bin/../lib/gcc/arm-none-eabi/6.3.1/../../../../arm-none-eabi/lib/thumb/v7e-m/fpv4-sp/hard\libc.a(lib_a-dtoa.o)
                0x08004180                _dtoa_r
 .text.__libc_fini_array
                0x08004fcc       0x34 c:/ac6/systemworkbench/plugins/fr.ac6.mcu.externaltools.arm-none.win32_1.15.0.201708311556/tools/compiler/bin/../lib/gcc/arm-none-eabi/6.3.1/../../../../arm-none-eabi/lib/thumb/v7e-m/fpv4-sp/hard\libc.a(lib_a-fini.o)
                0x08004fcc                __libc_fini_array
 .text._localeconv_r
                0x08005000       0x1c c:/ac6/systemworkbench/plugins/fr.ac6.mcu.externaltools.arm-none.win32_1.15.0.201708311556/tools/compiler/bin/../lib/gcc/arm-none-eabi/6.3.1/../../../../arm-none-eabi/lib/thumb/v7e-m/fpv4-sp/hard\libc.a(lib_a-localeconv.o)
                0x08005000                _localeconv_r
 .text.__retarget_lock_acquire_recursive
                0x0800501c        0x4 c:/ac6/systemworkbench/plugins/fr.ac6.mcu.externaltools.arm-none.win32_1.15.0.201708311556/tools/compiler/bin/../lib/gcc/arm-none-eabi/6.3.1/../../../../arm-none-eabi/lib/thumb/v7e-m/fpv4-sp/hard\libc.a(lib_a-lock.o)
                0x0800501c                __retarget_lock_acquire_recursive
 .text.__retarget_lock_release_recursive
                0x08005020        0x4 c:/ac6/systemworkbench/plugins/fr.ac6.mcu.externaltools.arm-none.win32_1.15.0.201708311556/tools/compiler/bin/../lib/gcc/arm-none-eabi/6.3.1/../../../../arm-none-eabi/lib/thumb/v7e-m/fpv4-sp/hard\libc.a(lib_a-lock.o)
                0x08005020                __retarget_lock_release_recursive
 .text._malloc_r
                0x08005024      0x560 c:/ac6/systemworkbench/plugins/fr.ac6.mcu.externaltools.arm-none.win32_1.15.0.201708311556/tools/compiler/bin/../lib/gcc/arm-none-eabi/6.3.1/../../../../arm-none-eabi/lib/thumb/v7e-m/fpv4-sp/hard\libc.a(lib_a-mallocr.o)
                0x08005024                _malloc_r
 .text.__malloc_lock
                0x08005584        0xc c:/ac6/systemworkbench/plugins/fr.ac6.mcu.externaltools.arm-none.win32_1.15.0.201708311556/tools/compiler/bin/../lib/gcc/arm-none-eabi/6.3.1/../../../../arm-none-eabi/lib/thumb/v7e-m/fpv4-sp/hard\libc.a(lib_a-mlock.o)
                0x08005584                __malloc_lock
 .text.__malloc_unlock
                0x08005590        0xc c:/ac6/systemworkbench/plugins/fr.ac6.mcu.externaltools.arm-none.win32_1.15.0.201708311556/tools/compiler/bin/../lib/gcc/arm-none-eabi/6.3.1/../../../../arm-none-eabi/lib/thumb/v7e-m/fpv4-sp/hard\libc.a(lib_a-mlock.o)
                0x08005590                __malloc_unlock
 .text._Balloc  0x0800559c       0x4c c:/ac6/systemworkbench/plugins/fr.ac6.mcu.externaltools.arm-none.win32_1.15.0.201708311556/tools/compiler/bin/../lib/gcc/arm-none-eabi/6.3.1/../../../../arm-none-eabi/lib/thumb/v7e-m/fpv4-sp/hard\libc.a(lib_a-mprec.o)
                0x0800559c                _Balloc
 .text._Bfree   0x080055e8       0x14 c:/ac6/systemworkbench/plugins/fr.ac6.mcu.externaltools.arm-none.win32_1.15.0.201708311556/tools/compiler/bin/../lib/gcc/arm-none-eabi/6.3.1/../../../../arm-none-eabi/lib/thumb/v7e-m/fpv4-sp/hard\libc.a(lib_a-mprec.o)
                0x080055e8                _Bfree
 .text.__multadd
                0x080055fc       0x80 c:/ac6/systemworkbench/plugins/fr.ac6.mcu.externaltools.arm-none.win32_1.15.0.201708311556/tools/compiler/bin/../lib/gcc/arm-none-eabi/6.3.1/../../../../arm-none-eabi/lib/thumb/v7e-m/fpv4-sp/hard\libc.a(lib_a-mprec.o)
                0x080055fc                __multadd
 .text.__hi0bits
                0x0800567c       0x40 c:/ac6/systemworkbench/plugins/fr.ac6.mcu.externaltools.arm-none.win32_1.15.0.201708311556/tools/compiler/bin/../lib/gcc/arm-none-eabi/6.3.1/../../../../arm-none-eabi/lib/thumb/v7e-m/fpv4-sp/hard\libc.a(lib_a-mprec.o)
                0x0800567c                __hi0bits
 .text.__lo0bits
                0x080056bc       0x60 c:/ac6/systemworkbench/plugins/fr.ac6.mcu.externaltools.arm-none.win32_1.15.0.201708311556/tools/compiler/bin/../lib/gcc/arm-none-eabi/6.3.1/../../../../arm-none-eabi/lib/thumb/v7e-m/fpv4-sp/hard\libc.a(lib_a-mprec.o)
                0x080056bc                __lo0bits
 .text.__i2b    0x0800571c       0x14 c:/ac6/systemworkbench/plugins/fr.ac6.mcu.externaltools.arm-none.win32_1.15.0.201708311556/tools/compiler/bin/../lib/gcc/arm-none-eabi/6.3.1/../../../../arm-none-eabi/lib/thumb/v7e-m/fpv4-sp/hard\libc.a(lib_a-mprec.o)
                0x0800571c                __i2b
 .text.__multiply
                0x08005730      0x124 c:/ac6/systemworkbench/plugins/fr.ac6.mcu.externaltools.arm-none.win32_1.15.0.201708311556/tools/compiler/bin/../lib/gcc/arm-none-eabi/6.3.1/../../../../arm-none-eabi/lib/thumb/v7e-m/fpv4-sp/hard\libc.a(lib_a-mprec.o)
                0x08005730                __multiply
 .text.__pow5mult
                0x08005854       0xa0 c:/ac6/systemworkbench/plugins/fr.ac6.mcu.externaltools.arm-none.win32_1.15.0.201708311556/tools/compiler/bin/../lib/gcc/arm-none-eabi/6.3.1/../../../../arm-none-eabi/lib/thumb/v7e-m/fpv4-sp/hard\libc.a(lib_a-mprec.o)
                0x08005854                __pow5mult
 .text.__lshift
                0x080058f4       0xa4 c:/ac6/systemworkbench/plugins/fr.ac6.mcu.externaltools.arm-none.win32_1.15.0.201708311556/tools/compiler/bin/../lib/gcc/arm-none-eabi/6.3.1/../../../../arm-none-eabi/lib/thumb/v7e-m/fpv4-sp/hard\libc.a(lib_a-mprec.o)
                0x080058f4                __lshift
 .text.__mcmp   0x08005998       0x38 c:/ac6/systemworkbench/plugins/fr.ac6.mcu.externaltools.arm-none.win32_1.15.0.201708311556/tools/compiler/bin/../lib/gcc/arm-none-eabi/6.3.1/../../../../arm-none-eabi/lib/thumb/v7e-m/fpv4-sp/hard\libc.a(lib_a-mprec.o)
                0x08005998                __mcmp
 .text.__mdiff  0x080059d0      0x108 c:/ac6/systemworkbench/plugins/fr.ac6.mcu.externaltools.arm-none.win32_1.15.0.201708311556/tools/compiler/bin/../lib/gcc/arm-none-eabi/6.3.1/../../../../arm-none-eabi/lib/thumb/v7e-m/fpv4-sp/hard\libc.a(lib_a-mprec.o)
                0x080059d0                __mdiff
 .text.__d2b    0x08005ad8       0xbc c:/ac6/systemworkbench/plugins/fr.ac6.mcu.externaltools.arm-none.win32_1.15.0.201708311556/tools/compiler/bin/../lib/gcc/arm-none-eabi/6.3.1/../../../../arm-none-eabi/lib/thumb/v7e-m/fpv4-sp/hard\libc.a(lib_a-mprec.o)
                0x08005ad8                __d2b
 .text._sbrk_r  0x08005b94       0x24 c:/ac6/systemworkbench/plugins/fr.ac6.mcu.externaltools.arm-none.win32_1.15.0.201708311556/tools/compiler/bin/../lib/gcc/arm-none-eabi/6.3.1/../../../../arm-none-eabi/lib/thumb/v7e-m/fpv4-sp/hard\libc.a(lib_a-sbrkr.o)
                0x08005b94                _sbrk_r
 .text.__ssprint_r
                0x08005bb8       0xfc c:/ac6/systemworkbench/plugins/fr.ac6.mcu.externaltools.arm-none.win32_1.15.0.201708311556/tools/compiler/bin/../lib/gcc/arm-none-eabi/6.3.1/../../../../arm-none-eabi/lib/thumb/v7e-m/fpv4-sp/hard\libc.a(lib_a-svfiprintf.o)
                0x08005bb8                __ssprint_r
 .text.__register_exitproc
                0x08005cb4       0xc4 c:/ac6/systemworkbench/plugins/fr.ac6.mcu.externaltools.arm-none.win32_1.15.0.201708311556/tools/compiler/bin/../lib/gcc/arm-none-eabi/6.3.1/../../../../arm-none-eabi/lib/thumb/v7e-m/fpv4-sp/hard\libc.a(lib_a-__atexit.o)
                0x08005cb4                __register_exitproc
 .text._calloc_r
                0x08005d78       0x60 c:/ac6/systemworkbench/plugins/fr.ac6.mcu.externaltools.arm-none.win32_1.15.0.201708311556/tools/compiler/bin/../lib/gcc/arm-none-eabi/6.3.1/../../../../arm-none-eabi/lib/thumb/v7e-m/fpv4-sp/hard\libc.a(lib_a-callocr.o)
                0x08005d78                _calloc_r
 .text._malloc_trim_r
                0x08005dd8       0xa0 c:/ac6/systemworkbench/plugins/fr.ac6.mcu.externaltools.arm-none.win32_1.15.0.201708311556/tools/compiler/bin/../lib/gcc/arm-none-eabi/6.3.1/../../../../arm-none-eabi/lib/thumb/v7e-m/fpv4-sp/hard\libc.a(lib_a-freer.o)
                0x08005dd8                _malloc_trim_r
 .text._free_r  0x08005e78      0x1cc c:/ac6/systemworkbench/plugins/fr.ac6.mcu.externaltools.arm-none.win32_1.15.0.201708311556/tools/compiler/bin/../lib/gcc/arm-none-eabi/6.3.1/../../../../arm-none-eabi/lib/thumb/v7e-m/fpv4-sp/hard\libc.a(lib_a-freer.o)
                0x08005e78                _free_r
 .text.__ascii_mbtowc
                0x08006044       0x2c c:/ac6/systemworkbench/plugins/fr.ac6.mcu.externaltools.arm-none.win32_1.15.0.201708311556/tools/compiler/bin/../lib/gcc/arm-none-eabi/6.3.1/../../../../arm-none-eabi/lib/thumb/v7e-m/fpv4-sp/hard\libc.a(lib_a-mbtowc_r.o)
                0x08006044                __ascii_mbtowc
 .text.memmove  0x08006070       0xc8 c:/ac6/systemworkbench/plugins/fr.ac6.mcu.externaltools.arm-none.win32_1.15.0.201708311556/tools/compiler/bin/../lib/gcc/arm-none-eabi/6.3.1/../../../../arm-none-eabi/lib/thumb/v7e-m/fpv4-sp/hard\libc.a(lib_a-memmove.o)
                0x08006070                memmove
 .text._realloc_r
                0x08006138      0x34c c:/ac6/systemworkbench/plugins/fr.ac6.mcu.externaltools.arm-none.win32_1.15.0.201708311556/tools/compiler/bin/../lib/gcc/arm-none-eabi/6.3.1/../../../../arm-none-eabi/lib/thumb/v7e-m/fpv4-sp/hard\libc.a(lib_a-reallocr.o)
                0x08006138                _realloc_r
 .text.__ascii_wctomb
                0x08006484       0x1c c:/ac6/systemworkbench/plugins/fr.ac6.mcu.externaltools.arm-none.win32_1.15.0.201708311556/tools/compiler/bin/../lib/gcc/arm-none-eabi/6.3.1/../../../../arm-none-eabi/lib/thumb/v7e-m/fpv4-sp/hard\libc.a(lib_a-wctomb_r.o)
                0x08006484                __ascii_wctomb
 *(.glue_7)
 .glue_7        0x080064a0        0x0 linker stubs
 *(.glue_7t)
 .glue_7t       0x080064a0        0x0 linker stubs
 *(.eh_frame)
 .eh_frame      0x080064a0        0x0 c:/ac6/systemworkbench/plugins/fr.ac6.mcu.externaltools.arm-none.win32_1.15.0.201708311556/tools/compiler/bin/../lib/gcc/arm-none-eabi/6.3.1/thumb/v7e-m/fpv4-sp/hard/crtbegin.o
 *(.init)
 .init          0x080064a0        0x4 c:/ac6/systemworkbench/plugins/fr.ac6.mcu.externaltools.arm-none.win32_1.15.0.201708311556/tools/compiler/bin/../lib/gcc/arm-none-eabi/6.3.1/thumb/v7e-m/fpv4-sp/hard/crti.o
                0x080064a0                _init
 .init          0x080064a4        0x8 c:/ac6/systemworkbench/plugins/fr.ac6.mcu.externaltools.arm-none.win32_1.15.0.201708311556/tools/compiler/bin/../lib/gcc/arm-none-eabi/6.3.1/thumb/v7e-m/fpv4-sp/hard/crtn.o
 *(.fini)
 .fini          0x080064ac        0x4 c:/ac6/systemworkbench/plugins/fr.ac6.mcu.externaltools.arm-none.win32_1.15.0.201708311556/tools/compiler/bin/../lib/gcc/arm-none-eabi/6.3.1/thumb/v7e-m/fpv4-sp/hard/crti.o
                0x080064ac                _fini
 .fini          0x080064b0        0x8 c:/ac6/systemworkbench/plugins/fr.ac6.mcu.externaltools.arm-none.win32_1.15.0.201708311556/tools/compiler/bin/../lib/gcc/arm-none-eabi/6.3.1/thumb/v7e-m/fpv4-sp/hard/crtn.o
                0x080064b8                . = ALIGN (0x4)
                0x080064b8                _etext = .

.vfp11_veneer   0x080064b8        0x0
 .vfp11_veneer  0x080064b8        0x0 linker stubs

.v4_bx          0x080064b8        0x0
 .v4_bx         0x080064b8        0x0 linker stubs

.iplt           0x080064b8        0x0
 .iplt          0x080064b8        0x0 c:/ac6/systemworkbench/plugins/fr.ac6.mcu.externaltools.arm-none.win32_1.15.0.201708311556/tools/compiler/bin/../lib/gcc/arm-none-eabi/6.3.1/thumb/v7e-m/fpv4-sp/hard/crtbegin.o

.rodata         0x080064b8      0x310
                0x080064b8                . = ALIGN (0x4)
 *(.rodata)
 .rodata        0x080064b8       0x70 src/main.o
 .rodata        0x08006528       0x18 src/system_stm32f4xx.o
                0x08006528                AHBPrescTable
                0x08006538                APBPrescTable
 *(.rodata*)
 .rodata._global_impure_ptr
                0x08006540        0x4 c:/ac6/systemworkbench/plugins/fr.ac6.mcu.externaltools.arm-none.win32_1.15.0.201708311556/tools/compiler/bin/../lib/gcc/arm-none-eabi/6.3.1/../../../../arm-none-eabi/lib/thumb/v7e-m/fpv4-sp/hard\libc.a(lib_a-impure.o)
                0x08006540                _global_impure_ptr
 .rodata._svfprintf_r.str1.4
                0x08006544       0x42 c:/ac6/systemworkbench/plugins/fr.ac6.mcu.externaltools.arm-none.win32_1.15.0.201708311556/tools/compiler/bin/../lib/gcc/arm-none-eabi/6.3.1/../../../../arm-none-eabi/lib/thumb/v7e-m/fpv4-sp/hard\libc.a(lib_a-svfprintf.o)
 *fill*         0x08006586        0x2 
 .rodata.blanks.8346
                0x08006588       0x10 c:/ac6/systemworkbench/plugins/fr.ac6.mcu.externaltools.arm-none.win32_1.15.0.201708311556/tools/compiler/bin/../lib/gcc/arm-none-eabi/6.3.1/../../../../arm-none-eabi/lib/thumb/v7e-m/fpv4-sp/hard\libc.a(lib_a-svfprintf.o)
 .rodata.zeroes.8347
                0x08006598       0x10 c:/ac6/systemworkbench/plugins/fr.ac6.mcu.externaltools.arm-none.win32_1.15.0.201708311556/tools/compiler/bin/../lib/gcc/arm-none-eabi/6.3.1/../../../../arm-none-eabi/lib/thumb/v7e-m/fpv4-sp/hard\libc.a(lib_a-svfprintf.o)
 .rodata._dtoa_r.str1.4
                0x080065a8       0x10 c:/ac6/systemworkbench/plugins/fr.ac6.mcu.externaltools.arm-none.win32_1.15.0.201708311556/tools/compiler/bin/../lib/gcc/arm-none-eabi/6.3.1/../../../../arm-none-eabi/lib/thumb/v7e-m/fpv4-sp/hard\libc.a(lib_a-dtoa.o)
                                 0x12 (size before relaxing)
 .rodata.__mprec_bigtens
                0x080065b8       0x28 c:/ac6/systemworkbench/plugins/fr.ac6.mcu.externaltools.arm-none.win32_1.15.0.201708311556/tools/compiler/bin/../lib/gcc/arm-none-eabi/6.3.1/../../../../arm-none-eabi/lib/thumb/v7e-m/fpv4-sp/hard\libc.a(lib_a-mprec.o)
                0x080065b8                __mprec_bigtens
 .rodata.__mprec_tens
                0x080065e0       0xc8 c:/ac6/systemworkbench/plugins/fr.ac6.mcu.externaltools.arm-none.win32_1.15.0.201708311556/tools/compiler/bin/../lib/gcc/arm-none-eabi/6.3.1/../../../../arm-none-eabi/lib/thumb/v7e-m/fpv4-sp/hard\libc.a(lib_a-mprec.o)
                0x080065e0                __mprec_tens
 .rodata.p05.7178
                0x080066a8        0xc c:/ac6/systemworkbench/plugins/fr.ac6.mcu.externaltools.arm-none.win32_1.15.0.201708311556/tools/compiler/bin/../lib/gcc/arm-none-eabi/6.3.1/../../../../arm-none-eabi/lib/thumb/v7e-m/fpv4-sp/hard\libc.a(lib_a-mprec.o)
 .rodata._setlocale_r.str1.4
                0x080066b4        0xa c:/ac6/systemworkbench/plugins/fr.ac6.mcu.externaltools.arm-none.win32_1.15.0.201708311556/tools/compiler/bin/../lib/gcc/arm-none-eabi/6.3.1/../../../../arm-none-eabi/lib/thumb/v7e-m/fpv4-sp/hard\libc.a(lib_a-locale.o)
                                  0xd (size before relaxing)
 *fill*         0x080066be        0x2 
 .rodata.str1.4
                0x080066c0        0x4 c:/ac6/systemworkbench/plugins/fr.ac6.mcu.externaltools.arm-none.win32_1.15.0.201708311556/tools/compiler/bin/../lib/gcc/arm-none-eabi/6.3.1/../../../../arm-none-eabi/lib/thumb/v7e-m/fpv4-sp/hard\libc.a(lib_a-locale.o)
                                  0x2 (size before relaxing)
 .rodata._ctype_
                0x080066c4      0x101 c:/ac6/systemworkbench/plugins/fr.ac6.mcu.externaltools.arm-none.win32_1.15.0.201708311556/tools/compiler/bin/../lib/gcc/arm-none-eabi/6.3.1/../../../../arm-none-eabi/lib/thumb/v7e-m/fpv4-sp/hard\libc.a(lib_a-ctype_.o)
                0x080066c4                _ctype_
                0x080067c8                . = ALIGN (0x4)
 *fill*         0x080067c5        0x3 

.ARM.extab
 *(.ARM.extab* .gnu.linkonce.armextab.*)

.ARM            0x080067c8        0x8
                0x080067c8                __exidx_start = .
 *(.ARM.exidx*)
 .ARM.exidx     0x080067c8        0x8 c:/ac6/systemworkbench/plugins/fr.ac6.mcu.externaltools.arm-none.win32_1.15.0.201708311556/tools/compiler/bin/../lib/gcc/arm-none-eabi/6.3.1/thumb/v7e-m/fpv4-sp/hard\libgcc.a(_udivmoddi4.o)
                0x080067d0                __exidx_end = .

.rel.dyn        0x080067d0        0x0
 .rel.iplt      0x080067d0        0x0 c:/ac6/systemworkbench/plugins/fr.ac6.mcu.externaltools.arm-none.win32_1.15.0.201708311556/tools/compiler/bin/../lib/gcc/arm-none-eabi/6.3.1/thumb/v7e-m/fpv4-sp/hard/crtbegin.o

.preinit_array  0x080067d0        0x0
                0x080067d0                PROVIDE (__preinit_array_start, .)
 *(.preinit_array*)
                0x080067d0                PROVIDE (__preinit_array_end, .)

.init_array     0x080067d0        0x8
                0x080067d0                PROVIDE (__init_array_start, .)
 *(SORT(.init_array.*))
 .init_array.00000
                0x080067d0        0x4 c:/ac6/systemworkbench/plugins/fr.ac6.mcu.externaltools.arm-none.win32_1.15.0.201708311556/tools/compiler/bin/../lib/gcc/arm-none-eabi/6.3.1/../../../../arm-none-eabi/lib/thumb/v7e-m/fpv4-sp/hard\libc.a(lib_a-__call_atexit.o)
 *(.init_array*)
 .init_array    0x080067d4        0x4 c:/ac6/systemworkbench/plugins/fr.ac6.mcu.externaltools.arm-none.win32_1.15.0.201708311556/tools/compiler/bin/../lib/gcc/arm-none-eabi/6.3.1/thumb/v7e-m/fpv4-sp/hard/crtbegin.o
                0x080067d8                PROVIDE (__init_array_end, .)

.fini_array     0x080067d8        0x4
                0x080067d8                PROVIDE (__fini_array_start, .)
 *(SORT(.fini_array.*))
 *(.fini_array*)
 .fini_array    0x080067d8        0x4 c:/ac6/systemworkbench/plugins/fr.ac6.mcu.externaltools.arm-none.win32_1.15.0.201708311556/tools/compiler/bin/../lib/gcc/arm-none-eabi/6.3.1/thumb/v7e-m/fpv4-sp/hard/crtbegin.o
                0x080067dc                PROVIDE (__fini_array_end, .)
                0x080067dc                _sidata = LOADADDR (.data)

.data           0x20000000      0x9c0 load address 0x080067dc
                0x20000000                . = ALIGN (0x4)
                0x20000000                _sdata = .
 *(.data)
 .data          0x20000000        0x4 src/system_stm32f4xx.o
                0x20000000                SystemCoreClock
 .data          0x20000004        0x9 src/uart.o
                0x20000004                uartsize
                0x20000008                uarttimeout
                0x2000000c                pData
 *(.data*)
 *fill*         0x2000000d        0x3 
 .data._impure_ptr
                0x20000010        0x4 c:/ac6/systemworkbench/plugins/fr.ac6.mcu.externaltools.arm-none.win32_1.15.0.201708311556/tools/compiler/bin/../lib/gcc/arm-none-eabi/6.3.1/../../../../arm-none-eabi/lib/thumb/v7e-m/fpv4-sp/hard\libc.a(lib_a-impure.o)
                0x20000010                _impure_ptr
 *fill*         0x20000014        0x4 
 .data.impure_data
                0x20000018      0x428 c:/ac6/systemworkbench/plugins/fr.ac6.mcu.externaltools.arm-none.win32_1.15.0.201708311556/tools/compiler/bin/../lib/gcc/arm-none-eabi/6.3.1/../../../../arm-none-eabi/lib/thumb/v7e-m/fpv4-sp/hard\libc.a(lib_a-impure.o)
 .data.__atexit_recursive_mutex
                0x20000440        0x4 c:/ac6/systemworkbench/plugins/fr.ac6.mcu.externaltools.arm-none.win32_1.15.0.201708311556/tools/compiler/bin/../lib/gcc/arm-none-eabi/6.3.1/../../../../arm-none-eabi/lib/thumb/v7e-m/fpv4-sp/hard\libc.a(lib_a-__call_atexit.o)
                0x20000440                __atexit_recursive_mutex
 .data.__malloc_av_
                0x20000444      0x408 c:/ac6/systemworkbench/plugins/fr.ac6.mcu.externaltools.arm-none.win32_1.15.0.201708311556/tools/compiler/bin/../lib/gcc/arm-none-eabi/6.3.1/../../../../arm-none-eabi/lib/thumb/v7e-m/fpv4-sp/hard\libc.a(lib_a-mallocr.o)
                0x20000444                __malloc_av_
 .data.__malloc_sbrk_base
                0x2000084c        0x4 c:/ac6/systemworkbench/plugins/fr.ac6.mcu.externaltools.arm-none.win32_1.15.0.201708311556/tools/compiler/bin/../lib/gcc/arm-none-eabi/6.3.1/../../../../arm-none-eabi/lib/thumb/v7e-m/fpv4-sp/hard\libc.a(lib_a-mallocr.o)
                0x2000084c                __malloc_sbrk_base
 .data.__malloc_trim_threshold
                0x20000850        0x4 c:/ac6/systemworkbench/plugins/fr.ac6.mcu.externaltools.arm-none.win32_1.15.0.201708311556/tools/compiler/bin/../lib/gcc/arm-none-eabi/6.3.1/../../../../arm-none-eabi/lib/thumb/v7e-m/fpv4-sp/hard\libc.a(lib_a-mallocr.o)
                0x20000850                __malloc_trim_threshold
 .data.__global_locale
                0x20000854      0x16c c:/ac6/systemworkbench/plugins/fr.ac6.mcu.externaltools.arm-none.win32_1.15.0.201708311556/tools/compiler/bin/../lib/gcc/arm-none-eabi/6.3.1/../../../../arm-none-eabi/lib/thumb/v7e-m/fpv4-sp/hard\libc.a(lib_a-locale.o)
                0x20000854                __global_locale
                0x200009c0                . = ALIGN (0x4)
                0x200009c0                _edata = .

.jcr            0x200009c0        0x0 load address 0x0800719c
 .jcr           0x200009c0        0x0 c:/ac6/systemworkbench/plugins/fr.ac6.mcu.externaltools.arm-none.win32_1.15.0.201708311556/tools/compiler/bin/../lib/gcc/arm-none-eabi/6.3.1/thumb/v7e-m/fpv4-sp/hard/crtbegin.o

.igot.plt       0x200009c0        0x0 load address 0x0800719c
 .igot.plt      0x200009c0        0x0 c:/ac6/systemworkbench/plugins/fr.ac6.mcu.externaltools.arm-none.win32_1.15.0.201708311556/tools/compiler/bin/../lib/gcc/arm-none-eabi/6.3.1/thumb/v7e-m/fpv4-sp/hard/crtbegin.o
                0x200009c0                . = ALIGN (0x4)

.bss            0x200009c0      0x11c load address 0x0800719c
                0x200009c0                _sbss = .
                0x200009c0                __bss_start__ = _sbss
 *(.bss)
 .bss           0x200009c0       0x1c c:/ac6/systemworkbench/plugins/fr.ac6.mcu.externaltools.arm-none.win32_1.15.0.201708311556/tools/compiler/bin/../lib/gcc/arm-none-eabi/6.3.1/thumb/v7e-m/fpv4-sp/hard/crtbegin.o
 .bss           0x200009dc        0x8 src/syscalls.o
                0x200009dc                __env
 *(.bss*)
 .bss.__malloc_current_mallinfo
                0x200009e4       0x28 c:/ac6/systemworkbench/plugins/fr.ac6.mcu.externaltools.arm-none.win32_1.15.0.201708311556/tools/compiler/bin/../lib/gcc/arm-none-eabi/6.3.1/../../../../arm-none-eabi/lib/thumb/v7e-m/fpv4-sp/hard\libc.a(lib_a-mallocr.o)
                0x200009e4                __malloc_current_mallinfo
 .bss.__malloc_max_sbrked_mem
                0x20000a0c        0x4 c:/ac6/systemworkbench/plugins/fr.ac6.mcu.externaltools.arm-none.win32_1.15.0.201708311556/tools/compiler/bin/../lib/gcc/arm-none-eabi/6.3.1/../../../../arm-none-eabi/lib/thumb/v7e-m/fpv4-sp/hard\libc.a(lib_a-mallocr.o)
                0x20000a0c                __malloc_max_sbrked_mem
 .bss.__malloc_max_total_mem
                0x20000a10        0x4 c:/ac6/systemworkbench/plugins/fr.ac6.mcu.externaltools.arm-none.win32_1.15.0.201708311556/tools/compiler/bin/../lib/gcc/arm-none-eabi/6.3.1/../../../../arm-none-eabi/lib/thumb/v7e-m/fpv4-sp/hard\libc.a(lib_a-mallocr.o)
                0x20000a10                __malloc_max_total_mem
 .bss.__malloc_top_pad
                0x20000a14        0x4 c:/ac6/systemworkbench/plugins/fr.ac6.mcu.externaltools.arm-none.win32_1.15.0.201708311556/tools/compiler/bin/../lib/gcc/arm-none-eabi/6.3.1/../../../../arm-none-eabi/lib/thumb/v7e-m/fpv4-sp/hard\libc.a(lib_a-mallocr.o)
                0x20000a14                __malloc_top_pad
 *(COMMON)
 COMMON         0x20000a18       0x58 src/spi.o
                0x20000a18                hspi1
 COMMON         0x20000a70       0x40 src/uart.o
                0x20000a70                uart3struct
 COMMON         0x20000ab0        0x4 C:\Users\Zsolt\stm_workspace\nucleo-f446re_hal_lib\Debug\libnucleo-f446re_hal_lib.a(stm32f4xx_hal.o)
                0x20000ab0                uwTick
 COMMON         0x20000ab4       0x21 c:/ac6/systemworkbench/plugins/fr.ac6.mcu.externaltools.arm-none.win32_1.15.0.201708311556/tools/compiler/bin/../lib/gcc/arm-none-eabi/6.3.1/../../../../arm-none-eabi/lib/thumb/v7e-m/fpv4-sp/hard\libc.a(lib_a-lock.o)
                0x20000ab4                __lock___atexit_recursive_mutex
                0x20000ab8                __lock___arc4random_mutex
                0x20000abc                __lock___env_recursive_mutex
                0x20000ac0                __lock___sinit_recursive_mutex
                0x20000ac4                __lock___malloc_recursive_mutex
                0x20000ac8                __lock___at_quick_exit_mutex
                0x20000acc                __lock___dd_hash_mutex
                0x20000ad0                __lock___tz_mutex
                0x20000ad4                __lock___sfp_recursive_mutex
 *fill*         0x20000ad5        0x3 
 COMMON         0x20000ad8        0x4 c:/ac6/systemworkbench/plugins/fr.ac6.mcu.externaltools.arm-none.win32_1.15.0.201708311556/tools/compiler/bin/../lib/gcc/arm-none-eabi/6.3.1/../../../../arm-none-eabi/lib/thumb/v7e-m/fpv4-sp/hard\libc.a(lib_a-reent.o)
                0x20000ad8                errno
                0x20000adc                . = ALIGN (0x4)
                0x20000adc                _ebss = .
                0x20000adc                __bss_end__ = _ebss

._user_heap_stack
                0x20000adc      0x604 load address 0x0800719c
                0x20000ae0                . = ALIGN (0x8)
 *fill*         0x20000adc        0x4 
                0x20000ae0                PROVIDE (end, .)
                [!provide]                PROVIDE (_end, .)
                0x20000ce0                . = (. + _Min_Heap_Size)
 *fill*         0x20000ae0      0x200 
                0x200010e0                . = (. + _Min_Stack_Size)
 *fill*         0x20000ce0      0x400 
                0x200010e0                . = ALIGN (0x8)

/DISCARD/
 libc.a(*)
 libm.a(*)
 libgcc.a(*)

.ARM.attributes
                0x00000000       0x30
 *(.ARM.attributes)
 .ARM.attributes
                0x00000000       0x22 c:/ac6/systemworkbench/plugins/fr.ac6.mcu.externaltools.arm-none.win32_1.15.0.201708311556/tools/compiler/bin/../lib/gcc/arm-none-eabi/6.3.1/thumb/v7e-m/fpv4-sp/hard/crti.o
 .ARM.attributes
                0x00000022       0x34 c:/ac6/systemworkbench/plugins/fr.ac6.mcu.externaltools.arm-none.win32_1.15.0.201708311556/tools/compiler/bin/../lib/gcc/arm-none-eabi/6.3.1/thumb/v7e-m/fpv4-sp/hard/crtbegin.o
 .ARM.attributes
                0x00000056       0x39 src/gpio.o
 .ARM.attributes
                0x0000008f       0x39 src/main.o
 .ARM.attributes
                0x000000c8       0x39 src/spi.o
 .ARM.attributes
                0x00000101       0x39 src/stm32f4xx_it.o
 .ARM.attributes
                0x0000013a       0x39 src/syscalls.o
 .ARM.attributes
                0x00000173       0x39 src/system_stm32f4xx.o
 .ARM.attributes
                0x000001ac       0x39 src/uart.o
 .ARM.attributes
                0x000001e5       0x21 startup/startup_stm32f446xx.o
 .ARM.attributes
                0x00000206       0x39 C:\Users\Zsolt\stm_workspace\nucleo-f446re_hal_lib\Debug\libnucleo-f446re_hal_lib.a(stm32f4xx_hal.o)
 .ARM.attributes
                0x0000023f       0x39 C:\Users\Zsolt\stm_workspace\nucleo-f446re_hal_lib\Debug\libnucleo-f446re_hal_lib.a(stm32f4xx_hal_cortex.o)
 .ARM.attributes
                0x00000278       0x39 C:\Users\Zsolt\stm_workspace\nucleo-f446re_hal_lib\Debug\libnucleo-f446re_hal_lib.a(stm32f4xx_hal_gpio.o)
 .ARM.attributes
                0x000002b1       0x39 C:\Users\Zsolt\stm_workspace\nucleo-f446re_hal_lib\Debug\libnucleo-f446re_hal_lib.a(stm32f4xx_hal_spi.o)
 .ARM.attributes
                0x000002ea       0x39 C:\Users\Zsolt\stm_workspace\nucleo-f446re_hal_lib\Debug\libnucleo-f446re_hal_lib.a(stm32f4xx_hal_uart.o)
 .ARM.attributes
                0x00000323       0x39 C:\Users\Zsolt\stm_workspace\nucleo-f446re_hal_lib\Debug\libnucleo-f446re_hal_lib.a(stm32f4xx_hal_rcc.o)
 .ARM.attributes
                0x0000035c       0x34 c:/ac6/systemworkbench/plugins/fr.ac6.mcu.externaltools.arm-none.win32_1.15.0.201708311556/tools/compiler/bin/../lib/gcc/arm-none-eabi/6.3.1/../../../../arm-none-eabi/lib/thumb/v7e-m/fpv4-sp/hard\libc.a(lib_a-errno.o)
 .ARM.attributes
                0x00000390       0x34 c:/ac6/systemworkbench/plugins/fr.ac6.mcu.externaltools.arm-none.win32_1.15.0.201708311556/tools/compiler/bin/../lib/gcc/arm-none-eabi/6.3.1/../../../../arm-none-eabi/lib/thumb/v7e-m/fpv4-sp/hard\libc.a(lib_a-impure.o)
 .ARM.attributes
                0x000003c4       0x34 c:/ac6/systemworkbench/plugins/fr.ac6.mcu.externaltools.arm-none.win32_1.15.0.201708311556/tools/compiler/bin/../lib/gcc/arm-none-eabi/6.3.1/../../../../arm-none-eabi/lib/thumb/v7e-m/fpv4-sp/hard\libc.a(lib_a-init.o)
 .ARM.attributes
                0x000003f8       0x34 c:/ac6/systemworkbench/plugins/fr.ac6.mcu.externaltools.arm-none.win32_1.15.0.201708311556/tools/compiler/bin/../lib/gcc/arm-none-eabi/6.3.1/../../../../arm-none-eabi/lib/thumb/v7e-m/fpv4-sp/hard\libc.a(lib_a-memset.o)
 .ARM.attributes
                0x0000042c       0x34 c:/ac6/systemworkbench/plugins/fr.ac6.mcu.externaltools.arm-none.win32_1.15.0.201708311556/tools/compiler/bin/../lib/gcc/arm-none-eabi/6.3.1/../../../../arm-none-eabi/lib/thumb/v7e-m/fpv4-sp/hard\libc.a(lib_a-snprintf.o)
 .ARM.attributes
                0x00000460       0x34 c:/ac6/systemworkbench/plugins/fr.ac6.mcu.externaltools.arm-none.win32_1.15.0.201708311556/tools/compiler/bin/../lib/gcc/arm-none-eabi/6.3.1/../../../../arm-none-eabi/lib/thumb/v7e-m/fpv4-sp/hard\libc.a(lib_a-svfprintf.o)
 .ARM.attributes
                0x00000494       0x34 c:/ac6/systemworkbench/plugins/fr.ac6.mcu.externaltools.arm-none.win32_1.15.0.201708311556/tools/compiler/bin/../lib/gcc/arm-none-eabi/6.3.1/../../../../arm-none-eabi/lib/thumb/v7e-m/fpv4-sp/hard\libc.a(lib_a-__call_atexit.o)
 .ARM.attributes
                0x000004c8       0x34 c:/ac6/systemworkbench/plugins/fr.ac6.mcu.externaltools.arm-none.win32_1.15.0.201708311556/tools/compiler/bin/../lib/gcc/arm-none-eabi/6.3.1/../../../../arm-none-eabi/lib/thumb/v7e-m/fpv4-sp/hard\libc.a(lib_a-atexit.o)
 .ARM.attributes
                0x000004fc       0x34 c:/ac6/systemworkbench/plugins/fr.ac6.mcu.externaltools.arm-none.win32_1.15.0.201708311556/tools/compiler/bin/../lib/gcc/arm-none-eabi/6.3.1/../../../../arm-none-eabi/lib/thumb/v7e-m/fpv4-sp/hard\libc.a(lib_a-dtoa.o)
 .ARM.attributes
                0x00000530       0x34 c:/ac6/systemworkbench/plugins/fr.ac6.mcu.externaltools.arm-none.win32_1.15.0.201708311556/tools/compiler/bin/../lib/gcc/arm-none-eabi/6.3.1/../../../../arm-none-eabi/lib/thumb/v7e-m/fpv4-sp/hard\libc.a(lib_a-fini.o)
 .ARM.attributes
                0x00000564       0x34 c:/ac6/systemworkbench/plugins/fr.ac6.mcu.externaltools.arm-none.win32_1.15.0.201708311556/tools/compiler/bin/../lib/gcc/arm-none-eabi/6.3.1/../../../../arm-none-eabi/lib/thumb/v7e-m/fpv4-sp/hard\libc.a(lib_a-localeconv.o)
 .ARM.attributes
                0x00000598       0x34 c:/ac6/systemworkbench/plugins/fr.ac6.mcu.externaltools.arm-none.win32_1.15.0.201708311556/tools/compiler/bin/../lib/gcc/arm-none-eabi/6.3.1/../../../../arm-none-eabi/lib/thumb/v7e-m/fpv4-sp/hard\libc.a(lib_a-lock.o)
 .ARM.attributes
                0x000005cc       0x34 c:/ac6/systemworkbench/plugins/fr.ac6.mcu.externaltools.arm-none.win32_1.15.0.201708311556/tools/compiler/bin/../lib/gcc/arm-none-eabi/6.3.1/../../../../arm-none-eabi/lib/thumb/v7e-m/fpv4-sp/hard\libc.a(lib_a-mallocr.o)
 .ARM.attributes
                0x00000600       0x20 c:/ac6/systemworkbench/plugins/fr.ac6.mcu.externaltools.arm-none.win32_1.15.0.201708311556/tools/compiler/bin/../lib/gcc/arm-none-eabi/6.3.1/../../../../arm-none-eabi/lib/thumb/v7e-m/fpv4-sp/hard\libc.a(lib_a-memchr.o)
 .ARM.attributes
                0x00000620       0x20 c:/ac6/systemworkbench/plugins/fr.ac6.mcu.externaltools.arm-none.win32_1.15.0.201708311556/tools/compiler/bin/../lib/gcc/arm-none-eabi/6.3.1/../../../../arm-none-eabi/lib/thumb/v7e-m/fpv4-sp/hard\libc.a(lib_a-memcpy.o)
 .ARM.attributes
                0x00000640       0x34 c:/ac6/systemworkbench/plugins/fr.ac6.mcu.externaltools.arm-none.win32_1.15.0.201708311556/tools/compiler/bin/../lib/gcc/arm-none-eabi/6.3.1/../../../../arm-none-eabi/lib/thumb/v7e-m/fpv4-sp/hard\libc.a(lib_a-mlock.o)
 .ARM.attributes
                0x00000674       0x34 c:/ac6/systemworkbench/plugins/fr.ac6.mcu.externaltools.arm-none.win32_1.15.0.201708311556/tools/compiler/bin/../lib/gcc/arm-none-eabi/6.3.1/../../../../arm-none-eabi/lib/thumb/v7e-m/fpv4-sp/hard\libc.a(lib_a-mprec.o)
 .ARM.attributes
                0x000006a8       0x34 c:/ac6/systemworkbench/plugins/fr.ac6.mcu.externaltools.arm-none.win32_1.15.0.201708311556/tools/compiler/bin/../lib/gcc/arm-none-eabi/6.3.1/../../../../arm-none-eabi/lib/thumb/v7e-m/fpv4-sp/hard\libc.a(lib_a-sbrkr.o)
 .ARM.attributes
                0x000006dc       0x20 c:/ac6/systemworkbench/plugins/fr.ac6.mcu.externaltools.arm-none.win32_1.15.0.201708311556/tools/compiler/bin/../lib/gcc/arm-none-eabi/6.3.1/../../../../arm-none-eabi/lib/thumb/v7e-m/fpv4-sp/hard\libc.a(lib_a-strlen.o)
 .ARM.attributes
                0x000006fc       0x34 c:/ac6/systemworkbench/plugins/fr.ac6.mcu.externaltools.arm-none.win32_1.15.0.201708311556/tools/compiler/bin/../lib/gcc/arm-none-eabi/6.3.1/../../../../arm-none-eabi/lib/thumb/v7e-m/fpv4-sp/hard\libc.a(lib_a-svfiprintf.o)
 .ARM.attributes
                0x00000730       0x34 c:/ac6/systemworkbench/plugins/fr.ac6.mcu.externaltools.arm-none.win32_1.15.0.201708311556/tools/compiler/bin/../lib/gcc/arm-none-eabi/6.3.1/../../../../arm-none-eabi/lib/thumb/v7e-m/fpv4-sp/hard\libc.a(lib_a-__atexit.o)
 .ARM.attributes
                0x00000764       0x34 c:/ac6/systemworkbench/plugins/fr.ac6.mcu.externaltools.arm-none.win32_1.15.0.201708311556/tools/compiler/bin/../lib/gcc/arm-none-eabi/6.3.1/../../../../arm-none-eabi/lib/thumb/v7e-m/fpv4-sp/hard\libc.a(lib_a-callocr.o)
 .ARM.attributes
                0x00000798       0x34 c:/ac6/systemworkbench/plugins/fr.ac6.mcu.externaltools.arm-none.win32_1.15.0.201708311556/tools/compiler/bin/../lib/gcc/arm-none-eabi/6.3.1/../../../../arm-none-eabi/lib/thumb/v7e-m/fpv4-sp/hard\libc.a(lib_a-freer.o)
 .ARM.attributes
                0x000007cc       0x34 c:/ac6/systemworkbench/plugins/fr.ac6.mcu.externaltools.arm-none.win32_1.15.0.201708311556/tools/compiler/bin/../lib/gcc/arm-none-eabi/6.3.1/../../../../arm-none-eabi/lib/thumb/v7e-m/fpv4-sp/hard\libc.a(lib_a-locale.o)
 .ARM.attributes
                0x00000800       0x34 c:/ac6/systemworkbench/plugins/fr.ac6.mcu.externaltools.arm-none.win32_1.15.0.201708311556/tools/compiler/bin/../lib/gcc/arm-none-eabi/6.3.1/../../../../arm-none-eabi/lib/thumb/v7e-m/fpv4-sp/hard\libc.a(lib_a-mbtowc_r.o)
 .ARM.attributes
                0x00000834       0x34 c:/ac6/systemworkbench/plugins/fr.ac6.mcu.externaltools.arm-none.win32_1.15.0.201708311556/tools/compiler/bin/../lib/gcc/arm-none-eabi/6.3.1/../../../../arm-none-eabi/lib/thumb/v7e-m/fpv4-sp/hard\libc.a(lib_a-memmove.o)
 .ARM.attributes
                0x00000868       0x34 c:/ac6/systemworkbench/plugins/fr.ac6.mcu.externaltools.arm-none.win32_1.15.0.201708311556/tools/compiler/bin/../lib/gcc/arm-none-eabi/6.3.1/../../../../arm-none-eabi/lib/thumb/v7e-m/fpv4-sp/hard\libc.a(lib_a-reallocr.o)
 .ARM.attributes
                0x0000089c       0x34 c:/ac6/systemworkbench/plugins/fr.ac6.mcu.externaltools.arm-none.win32_1.15.0.201708311556/tools/compiler/bin/../lib/gcc/arm-none-eabi/6.3.1/../../../../arm-none-eabi/lib/thumb/v7e-m/fpv4-sp/hard\libc.a(lib_a-reent.o)
 .ARM.attributes
                0x000008d0       0x34 c:/ac6/systemworkbench/plugins/fr.ac6.mcu.externaltools.arm-none.win32_1.15.0.201708311556/tools/compiler/bin/../lib/gcc/arm-none-eabi/6.3.1/../../../../arm-none-eabi/lib/thumb/v7e-m/fpv4-sp/hard\libc.a(lib_a-wctomb_r.o)
 .ARM.attributes
                0x00000904       0x34 c:/ac6/systemworkbench/plugins/fr.ac6.mcu.externaltools.arm-none.win32_1.15.0.201708311556/tools/compiler/bin/../lib/gcc/arm-none-eabi/6.3.1/../../../../arm-none-eabi/lib/thumb/v7e-m/fpv4-sp/hard\libc.a(lib_a-ctype_.o)
 .ARM.attributes
                0x00000938       0x22 c:/ac6/systemworkbench/plugins/fr.ac6.mcu.externaltools.arm-none.win32_1.15.0.201708311556/tools/compiler/bin/../lib/gcc/arm-none-eabi/6.3.1/thumb/v7e-m/fpv4-sp/hard\libgcc.a(_arm_addsubdf3.o)
 .ARM.attributes
                0x0000095a       0x22 c:/ac6/systemworkbench/plugins/fr.ac6.mcu.externaltools.arm-none.win32_1.15.0.201708311556/tools/compiler/bin/../lib/gcc/arm-none-eabi/6.3.1/thumb/v7e-m/fpv4-sp/hard\libgcc.a(_arm_muldivdf3.o)
 .ARM.attributes
                0x0000097c       0x22 c:/ac6/systemworkbench/plugins/fr.ac6.mcu.externaltools.arm-none.win32_1.15.0.201708311556/tools/compiler/bin/../lib/gcc/arm-none-eabi/6.3.1/thumb/v7e-m/fpv4-sp/hard\libgcc.a(_arm_cmpdf2.o)
 .ARM.attributes
                0x0000099e       0x22 c:/ac6/systemworkbench/plugins/fr.ac6.mcu.externaltools.arm-none.win32_1.15.0.201708311556/tools/compiler/bin/../lib/gcc/arm-none-eabi/6.3.1/thumb/v7e-m/fpv4-sp/hard\libgcc.a(_arm_unorddf2.o)
 .ARM.attributes
                0x000009c0       0x22 c:/ac6/systemworkbench/plugins/fr.ac6.mcu.externaltools.arm-none.win32_1.15.0.201708311556/tools/compiler/bin/../lib/gcc/arm-none-eabi/6.3.1/thumb/v7e-m/fpv4-sp/hard\libgcc.a(_arm_fixdfsi.o)
 .ARM.attributes
                0x000009e2       0x22 c:/ac6/systemworkbench/plugins/fr.ac6.mcu.externaltools.arm-none.win32_1.15.0.201708311556/tools/compiler/bin/../lib/gcc/arm-none-eabi/6.3.1/thumb/v7e-m/fpv4-sp/hard\libgcc.a(_aeabi_uldivmod.o)
 .ARM.attributes
                0x00000a04       0x34 c:/ac6/systemworkbench/plugins/fr.ac6.mcu.externaltools.arm-none.win32_1.15.0.201708311556/tools/compiler/bin/../lib/gcc/arm-none-eabi/6.3.1/thumb/v7e-m/fpv4-sp/hard\libgcc.a(_udivmoddi4.o)
 .ARM.attributes
                0x00000a38       0x22 c:/ac6/systemworkbench/plugins/fr.ac6.mcu.externaltools.arm-none.win32_1.15.0.201708311556/tools/compiler/bin/../lib/gcc/arm-none-eabi/6.3.1/thumb/v7e-m/fpv4-sp/hard\libgcc.a(_dvmd_tls.o)
 .ARM.attributes
                0x00000a5a       0x22 c:/ac6/systemworkbench/plugins/fr.ac6.mcu.externaltools.arm-none.win32_1.15.0.201708311556/tools/compiler/bin/../lib/gcc/arm-none-eabi/6.3.1/thumb/v7e-m/fpv4-sp/hard/crtn.o
OUTPUT(bluetooth.elf elf32-littlearm)

.debug_info     0x00000000     0xe733
 .debug_info    0x00000000      0xcbd src/gpio.o
 .debug_info    0x00000cbd      0xf4d src/main.o
 .debug_info    0x00001c0a     0x119c src/spi.o
 .debug_info    0x00002da6      0x954 src/stm32f4xx_it.o
 .debug_info    0x000036fa      0xf2a src/syscalls.o
 .debug_info    0x00004624      0xd5f src/system_stm32f4xx.o
 .debug_info    0x00005383     0x100f src/uart.o
 .debug_info    0x00006392       0x7c startup/startup_stm32f446xx.o
 .debug_info    0x0000640e     0x1153 C:\Users\Zsolt\stm_workspace\nucleo-f446re_hal_lib\Debug\libnucleo-f446re_hal_lib.a(stm32f4xx_hal.o)
 .debug_info    0x00007561     0x1614 C:\Users\Zsolt\stm_workspace\nucleo-f446re_hal_lib\Debug\libnucleo-f446re_hal_lib.a(stm32f4xx_hal_cortex.o)
 .debug_info    0x00008b75      0xfd8 C:\Users\Zsolt\stm_workspace\nucleo-f446re_hal_lib\Debug\libnucleo-f446re_hal_lib.a(stm32f4xx_hal_gpio.o)
 .debug_info    0x00009b4d     0x1e4c C:\Users\Zsolt\stm_workspace\nucleo-f446re_hal_lib\Debug\libnucleo-f446re_hal_lib.a(stm32f4xx_hal_spi.o)
 .debug_info    0x0000b999     0x19f1 C:\Users\Zsolt\stm_workspace\nucleo-f446re_hal_lib\Debug\libnucleo-f446re_hal_lib.a(stm32f4xx_hal_uart.o)
 .debug_info    0x0000d38a     0x13a9 C:\Users\Zsolt\stm_workspace\nucleo-f446re_hal_lib\Debug\libnucleo-f446re_hal_lib.a(stm32f4xx_hal_rcc.o)

.debug_abbrev   0x00000000     0x2140
 .debug_abbrev  0x00000000      0x1e1 src/gpio.o
 .debug_abbrev  0x000001e1      0x219 src/main.o
 .debug_abbrev  0x000003fa      0x239 src/spi.o
 .debug_abbrev  0x00000633      0x1b1 src/stm32f4xx_it.o
 .debug_abbrev  0x000007e4      0x2aa src/syscalls.o
 .debug_abbrev  0x00000a8e      0x205 src/system_stm32f4xx.o
 .debug_abbrev  0x00000c93      0x228 src/uart.o
 .debug_abbrev  0x00000ebb       0x12 startup/startup_stm32f446xx.o
 .debug_abbrev  0x00000ecd      0x310 C:\Users\Zsolt\stm_workspace\nucleo-f446re_hal_lib\Debug\libnucleo-f446re_hal_lib.a(stm32f4xx_hal.o)
 .debug_abbrev  0x000011dd      0x39d C:\Users\Zsolt\stm_workspace\nucleo-f446re_hal_lib\Debug\libnucleo-f446re_hal_lib.a(stm32f4xx_hal_cortex.o)
 .debug_abbrev  0x0000157a      0x287 C:\Users\Zsolt\stm_workspace\nucleo-f446re_hal_lib\Debug\libnucleo-f446re_hal_lib.a(stm32f4xx_hal_gpio.o)
 .debug_abbrev  0x00001801      0x2e7 C:\Users\Zsolt\stm_workspace\nucleo-f446re_hal_lib\Debug\libnucleo-f446re_hal_lib.a(stm32f4xx_hal_spi.o)
 .debug_abbrev  0x00001ae8      0x2f8 C:\Users\Zsolt\stm_workspace\nucleo-f446re_hal_lib\Debug\libnucleo-f446re_hal_lib.a(stm32f4xx_hal_uart.o)
 .debug_abbrev  0x00001de0      0x360 C:\Users\Zsolt\stm_workspace\nucleo-f446re_hal_lib\Debug\libnucleo-f446re_hal_lib.a(stm32f4xx_hal_rcc.o)

.debug_aranges  0x00000000      0x828
 .debug_aranges
                0x00000000       0x20 src/gpio.o
 .debug_aranges
                0x00000020       0x20 src/main.o
 .debug_aranges
                0x00000040       0x28 src/spi.o
 .debug_aranges
                0x00000068       0x20 src/stm32f4xx_it.o
 .debug_aranges
                0x00000088       0xb0 src/syscalls.o
 .debug_aranges
                0x00000138       0x28 src/system_stm32f4xx.o
 .debug_aranges
                0x00000160       0x28 src/uart.o
 .debug_aranges
                0x00000188       0x28 startup/startup_stm32f446xx.o
 .debug_aranges
                0x000001b0       0xc8 C:\Users\Zsolt\stm_workspace\nucleo-f446re_hal_lib\Debug\libnucleo-f446re_hal_lib.a(stm32f4xx_hal.o)
 .debug_aranges
                0x00000278      0x118 C:\Users\Zsolt\stm_workspace\nucleo-f446re_hal_lib\Debug\libnucleo-f446re_hal_lib.a(stm32f4xx_hal_cortex.o)
 .debug_aranges
                0x00000390       0x58 C:\Users\Zsolt\stm_workspace\nucleo-f446re_hal_lib\Debug\libnucleo-f446re_hal_lib.a(stm32f4xx_hal_gpio.o)
 .debug_aranges
                0x000003e8      0x1e8 C:\Users\Zsolt\stm_workspace\nucleo-f446re_hal_lib\Debug\libnucleo-f446re_hal_lib.a(stm32f4xx_hal_spi.o)
 .debug_aranges
                0x000005d0      0x1d0 C:\Users\Zsolt\stm_workspace\nucleo-f446re_hal_lib\Debug\libnucleo-f446re_hal_lib.a(stm32f4xx_hal_uart.o)
 .debug_aranges
                0x000007a0       0x88 C:\Users\Zsolt\stm_workspace\nucleo-f446re_hal_lib\Debug\libnucleo-f446re_hal_lib.a(stm32f4xx_hal_rcc.o)

.debug_ranges   0x00000000      0x750
 .debug_ranges  0x00000000       0x10 src/gpio.o
 .debug_ranges  0x00000010       0x10 src/main.o
 .debug_ranges  0x00000020       0x18 src/spi.o
 .debug_ranges  0x00000038       0x10 src/stm32f4xx_it.o
 .debug_ranges  0x00000048       0xa0 src/syscalls.o
 .debug_ranges  0x000000e8       0x18 src/system_stm32f4xx.o
 .debug_ranges  0x00000100       0x18 src/uart.o
 .debug_ranges  0x00000118       0x20 startup/startup_stm32f446xx.o
 .debug_ranges  0x00000138       0xb8 C:\Users\Zsolt\stm_workspace\nucleo-f446re_hal_lib\Debug\libnucleo-f446re_hal_lib.a(stm32f4xx_hal.o)
 .debug_ranges  0x000001f0      0x108 C:\Users\Zsolt\stm_workspace\nucleo-f446re_hal_lib\Debug\libnucleo-f446re_hal_lib.a(stm32f4xx_hal_cortex.o)
 .debug_ranges  0x000002f8       0x48 C:\Users\Zsolt\stm_workspace\nucleo-f446re_hal_lib\Debug\libnucleo-f446re_hal_lib.a(stm32f4xx_hal_gpio.o)
 .debug_ranges  0x00000340      0x1d8 C:\Users\Zsolt\stm_workspace\nucleo-f446re_hal_lib\Debug\libnucleo-f446re_hal_lib.a(stm32f4xx_hal_spi.o)
 .debug_ranges  0x00000518      0x1c0 C:\Users\Zsolt\stm_workspace\nucleo-f446re_hal_lib\Debug\libnucleo-f446re_hal_lib.a(stm32f4xx_hal_uart.o)
 .debug_ranges  0x000006d8       0x78 C:\Users\Zsolt\stm_workspace\nucleo-f446re_hal_lib\Debug\libnucleo-f446re_hal_lib.a(stm32f4xx_hal_rcc.o)

.debug_macro    0x00000000    0x291c3
 .debug_macro   0x00000000      0x516 src/gpio.o
 .debug_macro   0x00000516      0x8ce src/gpio.o
 .debug_macro   0x00000de4       0x2d src/gpio.o
 .debug_macro   0x00000e11       0x28 src/gpio.o
 .debug_macro   0x00000e39       0x22 src/gpio.o
 .debug_macro   0x00000e5b       0x87 src/gpio.o
 .debug_macro   0x00000ee2       0x51 src/gpio.o
 .debug_macro   0x00000f33       0xef src/gpio.o
 .debug_macro   0x00001022       0x6a src/gpio.o
 .debug_macro   0x0000108c      0x1df src/gpio.o
 .debug_macro   0x0000126b       0x35 src/gpio.o
 .debug_macro   0x000012a0       0x50 src/gpio.o
 .debug_macro   0x000012f0      0xe66 src/gpio.o
 .debug_macro   0x00002156    0x16703 src/gpio.o
 .debug_macro   0x00018859       0x43 src/gpio.o
 .debug_macro   0x0001889c      0x15e src/gpio.o
 .debug_macro   0x000189fa     0x3574 src/gpio.o
 .debug_macro   0x0001bf6e       0x58 src/gpio.o
 .debug_macro   0x0001bfc6       0x35 src/gpio.o
 .debug_macro   0x0001bffb       0x9c src/gpio.o
 .debug_macro   0x0001c097       0x16 src/gpio.o
 .debug_macro   0x0001c0ad       0x97 src/gpio.o
 .debug_macro   0x0001c144      0x330 src/gpio.o
 .debug_macro   0x0001c474       0xfd src/gpio.o
 .debug_macro   0x0001c571       0x10 src/gpio.o
 .debug_macro   0x0001c581       0x58 src/gpio.o
 .debug_macro   0x0001c5d9       0x1f src/gpio.o
 .debug_macro   0x0001c5f8       0x43 src/gpio.o
 .debug_macro   0x0001c63b       0x20 src/gpio.o
 .debug_macro   0x0001c65b      0x187 src/gpio.o
 .debug_macro   0x0001c7e2       0x10 src/gpio.o
 .debug_macro   0x0001c7f2       0x1c src/gpio.o
 .debug_macro   0x0001c80e       0x52 src/gpio.o
 .debug_macro   0x0001c860       0x40 src/gpio.o
 .debug_macro   0x0001c8a0       0x10 src/gpio.o
 .debug_macro   0x0001c8b0       0x40 src/gpio.o
 .debug_macro   0x0001c8f0       0xd7 src/gpio.o
 .debug_macro   0x0001c9c7       0x16 src/gpio.o
 .debug_macro   0x0001c9dd      0x18b src/gpio.o
 .debug_macro   0x0001cb68       0x57 src/gpio.o
 .debug_macro   0x0001cbbf      0xc90 src/gpio.o
 .debug_macro   0x0001d84f      0x9e1 src/gpio.o
 .debug_macro   0x0001e230      0x11e src/gpio.o
 .debug_macro   0x0001e34e      0x1a0 src/gpio.o
 .debug_macro   0x0001e4ee       0x27 src/gpio.o
 .debug_macro   0x0001e515      0x287 src/gpio.o
 .debug_macro   0x0001e79c       0x5f src/gpio.o
 .debug_macro   0x0001e7fb      0x23a src/gpio.o
 .debug_macro   0x0001ea35      0x391 src/gpio.o
 .debug_macro   0x0001edc6      0x17d src/gpio.o
 .debug_macro   0x0001ef43       0xf9 src/gpio.o
 .debug_macro   0x0001f03c      0x383 src/gpio.o
 .debug_macro   0x0001f3bf       0x23 src/gpio.o
 .debug_macro   0x0001f3e2       0xe6 src/gpio.o
 .debug_macro   0x0001f4c8       0xa1 src/gpio.o
 .debug_macro   0x0001f569       0x3c src/gpio.o
 .debug_macro   0x0001f5a5       0x81 src/gpio.o
 .debug_macro   0x0001f626      0x1cd src/gpio.o
 .debug_macro   0x0001f7f3      0x13a src/gpio.o
 .debug_macro   0x0001f92d      0x29c src/gpio.o
 .debug_macro   0x0001fbc9       0x2e src/gpio.o
 .debug_macro   0x0001fbf7      0x54a src/gpio.o
 .debug_macro   0x00020141       0x88 src/gpio.o
 .debug_macro   0x000201c9       0xea src/gpio.o
 .debug_macro   0x000202b3       0x10 src/gpio.o
 .debug_macro   0x000202c3      0x1a7 src/gpio.o
 .debug_macro   0x0002046a       0x22 src/gpio.o
 .debug_macro   0x0002048c       0xa5 src/gpio.o
 .debug_macro   0x00020531      0x1a0 src/gpio.o
 .debug_macro   0x000206d1       0x3c src/gpio.o
 .debug_macro   0x0002070d       0x79 src/gpio.o
 .debug_macro   0x00020786      0x11e src/gpio.o
 .debug_macro   0x000208a4       0xe8 src/gpio.o
 .debug_macro   0x0002098c       0x89 src/gpio.o
 .debug_macro   0x00020a15      0x31a src/gpio.o
 .debug_macro   0x00020d2f      0x409 src/gpio.o
 .debug_macro   0x00021138       0xe4 src/gpio.o
 .debug_macro   0x0002121c      0x383 src/gpio.o
 .debug_macro   0x0002159f       0x28 src/gpio.o
 .debug_macro   0x000215c7       0xc8 src/gpio.o
 .debug_macro   0x0002168f      0x81b src/gpio.o
 .debug_macro   0x00021eaa      0x198 src/gpio.o
 .debug_macro   0x00022042      0x202 src/gpio.o
 .debug_macro   0x00022244      0x6e0 src/gpio.o
 .debug_macro   0x00022924       0x62 src/gpio.o
 .debug_macro   0x00022986      0x14d src/gpio.o
 .debug_macro   0x00022ad3      0x287 src/gpio.o
 .debug_macro   0x00022d5a      0x225 src/gpio.o
 .debug_macro   0x00022f7f      0x1b5 src/gpio.o
 .debug_macro   0x00023134      0x2db src/gpio.o
 .debug_macro   0x0002340f       0x89 src/gpio.o
 .debug_macro   0x00023498      0x1df src/gpio.o
 .debug_macro   0x00023677      0x115 src/gpio.o
 .debug_macro   0x0002378c       0x6e src/gpio.o
 .debug_macro   0x000237fa      0x2e2 src/gpio.o
 .debug_macro   0x00023adc      0x2e2 src/gpio.o
 .debug_macro   0x00023dbe      0x202 src/gpio.o
 .debug_macro   0x00023fc0       0x34 src/gpio.o
 .debug_macro   0x00023ff4       0x90 src/gpio.o
 .debug_macro   0x00024084      0x1ed src/gpio.o
 .debug_macro   0x00024271      0x11e src/gpio.o
 .debug_macro   0x0002438f      0x1c1 src/gpio.o
 .debug_macro   0x00024550      0x528 src/main.o
 .debug_macro   0x00024a78      0x50a src/spi.o
 .debug_macro   0x00024f82      0x50b src/stm32f4xx_it.o
 .debug_macro   0x0002548d      0x236 src/syscalls.o
 .debug_macro   0x000256c3       0x52 src/syscalls.o
 .debug_macro   0x00025715       0x8d src/syscalls.o
 .debug_macro   0x000257a2       0x57 src/syscalls.o
 .debug_macro   0x000257f9      0x174 src/syscalls.o
 .debug_macro   0x0002596d       0x10 src/syscalls.o
 .debug_macro   0x0002597d       0x35 src/syscalls.o
 .debug_macro   0x000259b2       0x10 src/syscalls.o
 .debug_macro   0x000259c2       0x10 src/syscalls.o
 .debug_macro   0x000259d2       0x35 src/syscalls.o
 .debug_macro   0x00025a07      0x122 src/syscalls.o
 .debug_macro   0x00025b29       0x16 src/syscalls.o
 .debug_macro   0x00025b3f       0x16 src/syscalls.o
 .debug_macro   0x00025b55       0x29 src/syscalls.o
 .debug_macro   0x00025b7e       0x10 src/syscalls.o
 .debug_macro   0x00025b8e      0x241 src/syscalls.o
 .debug_macro   0x00025dcf       0x1c src/syscalls.o
 .debug_macro   0x00025deb       0x10 src/syscalls.o
 .debug_macro   0x00025dfb      0x159 src/syscalls.o
 .debug_macro   0x00025f54       0x16 src/syscalls.o
 .debug_macro   0x00025f6a       0x88 src/syscalls.o
 .debug_macro   0x00025ff2      0x507 src/system_stm32f4xx.o
 .debug_macro   0x000264f9      0x50a src/uart.o
 .debug_macro   0x00026a03      0x561 C:\Users\Zsolt\stm_workspace\nucleo-f446re_hal_lib\Debug\libnucleo-f446re_hal_lib.a(stm32f4xx_hal.o)
 .debug_macro   0x00026f64      0x8bc C:\Users\Zsolt\stm_workspace\nucleo-f446re_hal_lib\Debug\libnucleo-f446re_hal_lib.a(stm32f4xx_hal.o)
 .debug_macro   0x00027820       0x33 C:\Users\Zsolt\stm_workspace\nucleo-f446re_hal_lib\Debug\libnucleo-f446re_hal_lib.a(stm32f4xx_hal.o)
 .debug_macro   0x00027853      0x501 C:\Users\Zsolt\stm_workspace\nucleo-f446re_hal_lib\Debug\libnucleo-f446re_hal_lib.a(stm32f4xx_hal_cortex.o)
 .debug_macro   0x00027d54      0x539 C:\Users\Zsolt\stm_workspace\nucleo-f446re_hal_lib\Debug\libnucleo-f446re_hal_lib.a(stm32f4xx_hal_gpio.o)
 .debug_macro   0x0002828d      0x509 C:\Users\Zsolt\stm_workspace\nucleo-f446re_hal_lib\Debug\libnucleo-f446re_hal_lib.a(stm32f4xx_hal_spi.o)
 .debug_macro   0x00028796      0x502 C:\Users\Zsolt\stm_workspace\nucleo-f446re_hal_lib\Debug\libnucleo-f446re_hal_lib.a(stm32f4xx_hal_uart.o)
 .debug_macro   0x00028c98      0x52b C:\Users\Zsolt\stm_workspace\nucleo-f446re_hal_lib\Debug\libnucleo-f446re_hal_lib.a(stm32f4xx_hal_rcc.o)

.debug_line     0x00000000     0xb00f
 .debug_line    0x00000000      0xbed src/gpio.o
 .debug_line    0x00000bed      0xc85 src/main.o
 .debug_line    0x00001872      0xc17 src/spi.o
 .debug_line    0x00002489      0xbc5 src/stm32f4xx_it.o
 .debug_line    0x0000304e      0x5d4 src/syscalls.o
 .debug_line    0x00003622      0xbad src/system_stm32f4xx.o
 .debug_line    0x000041cf      0xbf3 src/uart.o
 .debug_line    0x00004dc2       0x7f startup/startup_stm32f446xx.o
 .debug_line    0x00004e41      0xd3a C:\Users\Zsolt\stm_workspace\nucleo-f446re_hal_lib\Debug\libnucleo-f446re_hal_lib.a(stm32f4xx_hal.o)
 .debug_line    0x00005b7b      0xe9a C:\Users\Zsolt\stm_workspace\nucleo-f446re_hal_lib\Debug\libnucleo-f446re_hal_lib.a(stm32f4xx_hal_cortex.o)
 .debug_line    0x00006a15      0xd4e C:\Users\Zsolt\stm_workspace\nucleo-f446re_hal_lib\Debug\libnucleo-f446re_hal_lib.a(stm32f4xx_hal_gpio.o)
 .debug_line    0x00007763     0x15a4 C:\Users\Zsolt\stm_workspace\nucleo-f446re_hal_lib\Debug\libnucleo-f446re_hal_lib.a(stm32f4xx_hal_spi.o)
 .debug_line    0x00008d07     0x1465 C:\Users\Zsolt\stm_workspace\nucleo-f446re_hal_lib\Debug\libnucleo-f446re_hal_lib.a(stm32f4xx_hal_uart.o)
 .debug_line    0x0000a16c      0xea3 C:\Users\Zsolt\stm_workspace\nucleo-f446re_hal_lib\Debug\libnucleo-f446re_hal_lib.a(stm32f4xx_hal_rcc.o)

.debug_str      0x00000000    0xf1282
 .debug_str     0x00000000    0xedbae src/gpio.o
                              0xee00f (size before relaxing)
 .debug_str     0x000edbae      0x43f src/main.o
                              0xee2dc (size before relaxing)
 .debug_str     0x000edfed       0x57 src/spi.o
                              0xee42f (size before relaxing)
 .debug_str     0x000ee044       0x38 src/stm32f4xx_it.o
                              0xed316 (size before relaxing)
 .debug_str     0x000ee07c     0x119e src/syscalls.o
                               0x7d5a (size before relaxing)
 .debug_str     0x000ef21a       0xbf src/system_stm32f4xx.o
                              0xed4be (size before relaxing)
 .debug_str     0x000ef2d9      0x199 src/uart.o
                              0xee380 (size before relaxing)
 .debug_str     0x000ef472      0xa9d C:\Users\Zsolt\stm_workspace\nucleo-f446re_hal_lib\Debug\libnucleo-f446re_hal_lib.a(stm32f4xx_hal.o)
                              0xedf7f (size before relaxing)
 .debug_str     0x000eff0f      0x38d C:\Users\Zsolt\stm_workspace\nucleo-f446re_hal_lib\Debug\libnucleo-f446re_hal_lib.a(stm32f4xx_hal_cortex.o)
                              0xedd65 (size before relaxing)
 .debug_str     0x000f029c      0x1fa C:\Users\Zsolt\stm_workspace\nucleo-f446re_hal_lib\Debug\libnucleo-f446re_hal_lib.a(stm32f4xx_hal_gpio.o)
                              0xed6dc (size before relaxing)
 .debug_str     0x000f0496      0x56f C:\Users\Zsolt\stm_workspace\nucleo-f446re_hal_lib\Debug\libnucleo-f446re_hal_lib.a(stm32f4xx_hal_spi.o)
                              0xedcd1 (size before relaxing)
 .debug_str     0x000f0a05      0x52b C:\Users\Zsolt\stm_workspace\nucleo-f446re_hal_lib\Debug\libnucleo-f446re_hal_lib.a(stm32f4xx_hal_uart.o)
                              0xedc96 (size before relaxing)
 .debug_str     0x000f0f30      0x352 C:\Users\Zsolt\stm_workspace\nucleo-f446re_hal_lib\Debug\libnucleo-f446re_hal_lib.a(stm32f4xx_hal_rcc.o)
                              0xed88b (size before relaxing)

.comment        0x00000000       0x7f
 .comment       0x00000000       0x7f src/gpio.o
                                 0x80 (size before relaxing)
 .comment       0x0000007f       0x80 src/main.o
 .comment       0x0000007f       0x80 src/spi.o
 .comment       0x0000007f       0x80 src/stm32f4xx_it.o
 .comment       0x0000007f       0x80 src/syscalls.o
 .comment       0x0000007f       0x80 src/system_stm32f4xx.o
 .comment       0x0000007f       0x80 src/uart.o
 .comment       0x0000007f       0x80 C:\Users\Zsolt\stm_workspace\nucleo-f446re_hal_lib\Debug\libnucleo-f446re_hal_lib.a(stm32f4xx_hal.o)
 .comment       0x0000007f       0x80 C:\Users\Zsolt\stm_workspace\nucleo-f446re_hal_lib\Debug\libnucleo-f446re_hal_lib.a(stm32f4xx_hal_cortex.o)
 .comment       0x0000007f       0x80 C:\Users\Zsolt\stm_workspace\nucleo-f446re_hal_lib\Debug\libnucleo-f446re_hal_lib.a(stm32f4xx_hal_gpio.o)
 .comment       0x0000007f       0x80 C:\Users\Zsolt\stm_workspace\nucleo-f446re_hal_lib\Debug\libnucleo-f446re_hal_lib.a(stm32f4xx_hal_spi.o)
 .comment       0x0000007f       0x80 C:\Users\Zsolt\stm_workspace\nucleo-f446re_hal_lib\Debug\libnucleo-f446re_hal_lib.a(stm32f4xx_hal_uart.o)
 .comment       0x0000007f       0x80 C:\Users\Zsolt\stm_workspace\nucleo-f446re_hal_lib\Debug\libnucleo-f446re_hal_lib.a(stm32f4xx_hal_rcc.o)

.debug_frame    0x00000000     0x2c68
 .debug_frame   0x00000000       0x34 src/gpio.o
 .debug_frame   0x00000034       0x38 src/main.o
 .debug_frame   0x0000006c       0x58 src/spi.o
 .debug_frame   0x000000c4       0x2c src/stm32f4xx_it.o
 .debug_frame   0x000000f0      0x2d4 src/syscalls.o
 .debug_frame   0x000003c4       0x58 src/system_stm32f4xx.o
 .debug_frame   0x0000041c       0x58 src/uart.o
 .debug_frame   0x00000474      0x2e8 C:\Users\Zsolt\stm_workspace\nucleo-f446re_hal_lib\Debug\libnucleo-f446re_hal_lib.a(stm32f4xx_hal.o)
 .debug_frame   0x0000075c      0x498 C:\Users\Zsolt\stm_workspace\nucleo-f446re_hal_lib\Debug\libnucleo-f446re_hal_lib.a(stm32f4xx_hal_cortex.o)
 .debug_frame   0x00000bf4      0x14c C:\Users\Zsolt\stm_workspace\nucleo-f446re_hal_lib\Debug\libnucleo-f446re_hal_lib.a(stm32f4xx_hal_gpio.o)
 .debug_frame   0x00000d40      0x894 C:\Users\Zsolt\stm_workspace\nucleo-f446re_hal_lib\Debug\libnucleo-f446re_hal_lib.a(stm32f4xx_hal_spi.o)
 .debug_frame   0x000015d4      0x83c C:\Users\Zsolt\stm_workspace\nucleo-f446re_hal_lib\Debug\libnucleo-f446re_hal_lib.a(stm32f4xx_hal_uart.o)
 .debug_frame   0x00001e10      0x200 C:\Users\Zsolt\stm_workspace\nucleo-f446re_hal_lib\Debug\libnucleo-f446re_hal_lib.a(stm32f4xx_hal_rcc.o)
 .debug_frame   0x00002010       0x20 c:/ac6/systemworkbench/plugins/fr.ac6.mcu.externaltools.arm-none.win32_1.15.0.201708311556/tools/compiler/bin/../lib/gcc/arm-none-eabi/6.3.1/../../../../arm-none-eabi/lib/thumb/v7e-m/fpv4-sp/hard\libc.a(lib_a-errno.o)
 .debug_frame   0x00002030       0x2c c:/ac6/systemworkbench/plugins/fr.ac6.mcu.externaltools.arm-none.win32_1.15.0.201708311556/tools/compiler/bin/../lib/gcc/arm-none-eabi/6.3.1/../../../../arm-none-eabi/lib/thumb/v7e-m/fpv4-sp/hard\libc.a(lib_a-init.o)
 .debug_frame   0x0000205c       0x34 c:/ac6/systemworkbench/plugins/fr.ac6.mcu.externaltools.arm-none.win32_1.15.0.201708311556/tools/compiler/bin/../lib/gcc/arm-none-eabi/6.3.1/../../../../arm-none-eabi/lib/thumb/v7e-m/fpv4-sp/hard\libc.a(lib_a-memset.o)
 .debug_frame   0x00002090       0xd0 c:/ac6/systemworkbench/plugins/fr.ac6.mcu.externaltools.arm-none.win32_1.15.0.201708311556/tools/compiler/bin/../lib/gcc/arm-none-eabi/6.3.1/../../../../arm-none-eabi/lib/thumb/v7e-m/fpv4-sp/hard\libc.a(lib_a-snprintf.o)
 .debug_frame   0x00002160       0x40 c:/ac6/systemworkbench/plugins/fr.ac6.mcu.externaltools.arm-none.win32_1.15.0.201708311556/tools/compiler/bin/../lib/gcc/arm-none-eabi/6.3.1/../../../../arm-none-eabi/lib/thumb/v7e-m/fpv4-sp/hard\libc.a(lib_a-svfprintf.o)
 .debug_frame   0x000021a0       0x5c c:/ac6/systemworkbench/plugins/fr.ac6.mcu.externaltools.arm-none.win32_1.15.0.201708311556/tools/compiler/bin/../lib/gcc/arm-none-eabi/6.3.1/../../../../arm-none-eabi/lib/thumb/v7e-m/fpv4-sp/hard\libc.a(lib_a-__call_atexit.o)
 .debug_frame   0x000021fc       0x20 c:/ac6/systemworkbench/plugins/fr.ac6.mcu.externaltools.arm-none.win32_1.15.0.201708311556/tools/compiler/bin/../lib/gcc/arm-none-eabi/6.3.1/../../../../arm-none-eabi/lib/thumb/v7e-m/fpv4-sp/hard\libc.a(lib_a-atexit.o)
 .debug_frame   0x0000221c       0x88 c:/ac6/systemworkbench/plugins/fr.ac6.mcu.externaltools.arm-none.win32_1.15.0.201708311556/tools/compiler/bin/../lib/gcc/arm-none-eabi/6.3.1/../../../../arm-none-eabi/lib/thumb/v7e-m/fpv4-sp/hard\libc.a(lib_a-dtoa.o)
 .debug_frame   0x000022a4       0x34 c:/ac6/systemworkbench/plugins/fr.ac6.mcu.externaltools.arm-none.win32_1.15.0.201708311556/tools/compiler/bin/../lib/gcc/arm-none-eabi/6.3.1/../../../../arm-none-eabi/lib/thumb/v7e-m/fpv4-sp/hard\libc.a(lib_a-fini.o)
 .debug_frame   0x000022d8       0x40 c:/ac6/systemworkbench/plugins/fr.ac6.mcu.externaltools.arm-none.win32_1.15.0.201708311556/tools/compiler/bin/../lib/gcc/arm-none-eabi/6.3.1/../../../../arm-none-eabi/lib/thumb/v7e-m/fpv4-sp/hard\libc.a(lib_a-localeconv.o)
 .debug_frame   0x00002318       0xb0 c:/ac6/systemworkbench/plugins/fr.ac6.mcu.externaltools.arm-none.win32_1.15.0.201708311556/tools/compiler/bin/../lib/gcc/arm-none-eabi/6.3.1/../../../../arm-none-eabi/lib/thumb/v7e-m/fpv4-sp/hard\libc.a(lib_a-lock.o)
 .debug_frame   0x000023c8       0x58 c:/ac6/systemworkbench/plugins/fr.ac6.mcu.externaltools.arm-none.win32_1.15.0.201708311556/tools/compiler/bin/../lib/gcc/arm-none-eabi/6.3.1/../../../../arm-none-eabi/lib/thumb/v7e-m/fpv4-sp/hard\libc.a(lib_a-mallocr.o)
 .debug_frame   0x00002420       0x30 c:/ac6/systemworkbench/plugins/fr.ac6.mcu.externaltools.arm-none.win32_1.15.0.201708311556/tools/compiler/bin/../lib/gcc/arm-none-eabi/6.3.1/../../../../arm-none-eabi/lib/thumb/v7e-m/fpv4-sp/hard\libc.a(lib_a-mlock.o)
 .debug_frame   0x00002450      0x25c c:/ac6/systemworkbench/plugins/fr.ac6.mcu.externaltools.arm-none.win32_1.15.0.201708311556/tools/compiler/bin/../lib/gcc/arm-none-eabi/6.3.1/../../../../arm-none-eabi/lib/thumb/v7e-m/fpv4-sp/hard\libc.a(lib_a-mprec.o)
 .debug_frame   0x000026ac       0x2c c:/ac6/systemworkbench/plugins/fr.ac6.mcu.externaltools.arm-none.win32_1.15.0.201708311556/tools/compiler/bin/../lib/gcc/arm-none-eabi/6.3.1/../../../../arm-none-eabi/lib/thumb/v7e-m/fpv4-sp/hard\libc.a(lib_a-sbrkr.o)
 .debug_frame   0x000026d8       0x78 c:/ac6/systemworkbench/plugins/fr.ac6.mcu.externaltools.arm-none.win32_1.15.0.201708311556/tools/compiler/bin/../lib/gcc/arm-none-eabi/6.3.1/../../../../arm-none-eabi/lib/thumb/v7e-m/fpv4-sp/hard\libc.a(lib_a-svfiprintf.o)
 .debug_frame   0x00002750       0x34 c:/ac6/systemworkbench/plugins/fr.ac6.mcu.externaltools.arm-none.win32_1.15.0.201708311556/tools/compiler/bin/../lib/gcc/arm-none-eabi/6.3.1/../../../../arm-none-eabi/lib/thumb/v7e-m/fpv4-sp/hard\libc.a(lib_a-__atexit.o)
 .debug_frame   0x00002784       0x28 c:/ac6/systemworkbench/plugins/fr.ac6.mcu.externaltools.arm-none.win32_1.15.0.201708311556/tools/compiler/bin/../lib/gcc/arm-none-eabi/6.3.1/../../../../arm-none-eabi/lib/thumb/v7e-m/fpv4-sp/hard\libc.a(lib_a-callocr.o)
 .debug_frame   0x000027ac       0x74 c:/ac6/systemworkbench/plugins/fr.ac6.mcu.externaltools.arm-none.win32_1.15.0.201708311556/tools/compiler/bin/../lib/gcc/arm-none-eabi/6.3.1/../../../../arm-none-eabi/lib/thumb/v7e-m/fpv4-sp/hard\libc.a(lib_a-freer.o)
 .debug_frame   0x00002820       0x6c c:/ac6/systemworkbench/plugins/fr.ac6.mcu.externaltools.arm-none.win32_1.15.0.201708311556/tools/compiler/bin/../lib/gcc/arm-none-eabi/6.3.1/../../../../arm-none-eabi/lib/thumb/v7e-m/fpv4-sp/hard\libc.a(lib_a-locale.o)
 .debug_frame   0x0000288c       0x4c c:/ac6/systemworkbench/plugins/fr.ac6.mcu.externaltools.arm-none.win32_1.15.0.201708311556/tools/compiler/bin/../lib/gcc/arm-none-eabi/6.3.1/../../../../arm-none-eabi/lib/thumb/v7e-m/fpv4-sp/hard\libc.a(lib_a-mbtowc_r.o)
 .debug_frame   0x000028d8       0x30 c:/ac6/systemworkbench/plugins/fr.ac6.mcu.externaltools.arm-none.win32_1.15.0.201708311556/tools/compiler/bin/../lib/gcc/arm-none-eabi/6.3.1/../../../../arm-none-eabi/lib/thumb/v7e-m/fpv4-sp/hard\libc.a(lib_a-memmove.o)
 .debug_frame   0x00002908       0x68 c:/ac6/systemworkbench/plugins/fr.ac6.mcu.externaltools.arm-none.win32_1.15.0.201708311556/tools/compiler/bin/../lib/gcc/arm-none-eabi/6.3.1/../../../../arm-none-eabi/lib/thumb/v7e-m/fpv4-sp/hard\libc.a(lib_a-reallocr.o)
 .debug_frame   0x00002970       0x58 c:/ac6/systemworkbench/plugins/fr.ac6.mcu.externaltools.arm-none.win32_1.15.0.201708311556/tools/compiler/bin/../lib/gcc/arm-none-eabi/6.3.1/../../../../arm-none-eabi/lib/thumb/v7e-m/fpv4-sp/hard\libc.a(lib_a-reent.o)
 .debug_frame   0x000029c8       0x3c c:/ac6/systemworkbench/plugins/fr.ac6.mcu.externaltools.arm-none.win32_1.15.0.201708311556/tools/compiler/bin/../lib/gcc/arm-none-eabi/6.3.1/../../../../arm-none-eabi/lib/thumb/v7e-m/fpv4-sp/hard\libc.a(lib_a-wctomb_r.o)
 .debug_frame   0x00002a04       0xac c:/ac6/systemworkbench/plugins/fr.ac6.mcu.externaltools.arm-none.win32_1.15.0.201708311556/tools/compiler/bin/../lib/gcc/arm-none-eabi/6.3.1/thumb/v7e-m/fpv4-sp/hard\libgcc.a(_arm_addsubdf3.o)
 .debug_frame   0x00002ab0       0x50 c:/ac6/systemworkbench/plugins/fr.ac6.mcu.externaltools.arm-none.win32_1.15.0.201708311556/tools/compiler/bin/../lib/gcc/arm-none-eabi/6.3.1/thumb/v7e-m/fpv4-sp/hard\libgcc.a(_arm_muldivdf3.o)
 .debug_frame   0x00002b00       0xc4 c:/ac6/systemworkbench/plugins/fr.ac6.mcu.externaltools.arm-none.win32_1.15.0.201708311556/tools/compiler/bin/../lib/gcc/arm-none-eabi/6.3.1/thumb/v7e-m/fpv4-sp/hard\libgcc.a(_arm_cmpdf2.o)
 .debug_frame   0x00002bc4       0x20 c:/ac6/systemworkbench/plugins/fr.ac6.mcu.externaltools.arm-none.win32_1.15.0.201708311556/tools/compiler/bin/../lib/gcc/arm-none-eabi/6.3.1/thumb/v7e-m/fpv4-sp/hard\libgcc.a(_arm_unorddf2.o)
 .debug_frame   0x00002be4       0x24 c:/ac6/systemworkbench/plugins/fr.ac6.mcu.externaltools.arm-none.win32_1.15.0.201708311556/tools/compiler/bin/../lib/gcc/arm-none-eabi/6.3.1/thumb/v7e-m/fpv4-sp/hard\libgcc.a(_arm_fixdfsi.o)
 .debug_frame   0x00002c08       0x2c c:/ac6/systemworkbench/plugins/fr.ac6.mcu.externaltools.arm-none.win32_1.15.0.201708311556/tools/compiler/bin/../lib/gcc/arm-none-eabi/6.3.1/thumb/v7e-m/fpv4-sp/hard\libgcc.a(_aeabi_uldivmod.o)
 .debug_frame   0x00002c34       0x34 c:/ac6/systemworkbench/plugins/fr.ac6.mcu.externaltools.arm-none.win32_1.15.0.201708311556/tools/compiler/bin/../lib/gcc/arm-none-eabi/6.3.1/thumb/v7e-m/fpv4-sp/hard\libgcc.a(_udivmoddi4.o)
